timestamp,type,initiator,ch,param,value_a,value_b
2026-07-17T09:10:16,SYSTEM,SYS,0,0,11,23688
2026-07-17T09:10:37,SYSTEM,WEB,0,0,1,0
2026-07-17T09:10:44,SENSOR_HR,SYS,0,0,278,78
2026-07-17T09:10:44,SENSOR_HR,SYS,1,0,8,304
2026-07-17T09:10:44,SENSOR_HR,SYS,2,0,0,0
2026-07-17T09:11:15,SENSOR_HR,SYS,0,0,277,78
2026-07-17T09:11:15,SENSOR_HR,SYS,1,0,16,337
2026-07-17T09:11:15,SENSOR_HR,SYS,2,0,0,0
2026-07-17T09:11:16,SYSTEM,SYS,0,0,7,100
2026-07-17T09:11:16,SYSTEM,SYS,0,0,8,8153
2026-07-17T09:11:16,SYSTEM,SYS,0,0,12,31
2026-07-17T09:11:45,SENSOR_HR,SYS,0,0,279,78
2026-07-17T09:11:45,SENSOR_HR,SYS,1,0,26,350
2026-07-17T09:11:45,SENSOR_HR,SYS,2,0,0,0
2026-07-17T09:12:15,SENSOR_HR,SYS,0,0,280,78
2026-07-17T09:12:15,SENSOR_HR,SYS,1,0,16,328
2026-07-17T09:12:15,SENSOR_HR,SYS,2,0,0,0
2026-07-17T09:12:16,SYSTEM,SYS,0,0,7,100
2026-07-17T09:12:16,SYSTEM,SYS,0,0,8,8153
2026-07-17T09:12:16,SYSTEM,SYS,0,0,12,31
2026-07-17T09:12:37,SYSTEM,WEB,0,0,1,0
2026-07-17T09:12:45,SENSOR_HR,SYS,0,0,281,77
2026-07-17T09:12:45,SENSOR_HR,SYS,1,0,14,16
2026-07-17T09:12:45,SENSOR_HR,SYS,2,0,0,0
2026-07-17T09:13:15,SENSOR_HR,SYS,0,0,281,78
2026-07-17T09:13:15,SENSOR_HR,SYS,1,0,19,338
2026-07-17T09:13:15,SENSOR_HR,SYS,2,0,0,0
2026-07-17T09:13:16,SYSTEM,SYS,0,0,7,100
2026-07-17T09:13:16,SYSTEM,SYS,0,0,8,8153
2026-07-17T09:13:16,SYSTEM,SYS,0,0,12,31
2026-07-17T09:13:45,SENSOR_HR,SYS,0,0,282,79
2026-07-17T09:13:45,SENSOR_HR,SYS,1,0,14,359
2026-07-17T09:13:45,SENSOR_HR,SYS,2,0,0,0
2026-07-17T09:14:16,SENSOR_HR,SYS,0,0,282,77
2026-07-17T09:14:16,SENSOR_HR,SYS,1,0,13,342
2026-07-17T09:14:16,SENSOR_HR,SYS,2,0,0,0
2026-07-17T09:14:16,SYSTEM,SYS,0,0,7,100
2026-07-17T09:14:16,SYSTEM,SYS,0,0,8,8153
2026-07-17T09:14:16,SYSTEM,SYS,0,0,12,31
2026-07-17T09:14:38,SYSTEM,WEB,0,0,1,0
2026-07-17T09:14:46,SENSOR_HR,SYS,0,0,284,78
2026-07-17T09:14:46,SENSOR_HR,SYS,1,0,21,331
2026-07-17T09:14:46,SENSOR_HR,SYS,2,0,0,0
2026-07-17T09:15:16,SENSOR_HR,SYS,0,0,283,78
2026-07-17T09:15:16,SENSOR_HR,SYS,1,0,18,352
2026-07-17T09:15:16,SENSOR_HR,SYS,2,0,0,0
2026-07-17T09:15:16,SYSTEM,SYS,0,0,7,100
2026-07-17T09:15:16,SYSTEM,SYS,0,0,8,8153
2026-07-17T09:15:16,SYSTEM,SYS,0,0,12,31
2026-07-17T09:15:46,SENSOR_HR,SYS,0,0,285,77
2026-07-17T09:15:46,SENSOR_HR,SYS,1,0,12,344
2026-07-17T09:15:46,SENSOR_HR,SYS,2,0,0,0
2026-07-17T09:16:16,SENSOR_HR,SYS,0,0,285,78
2026-07-17T09:16:16,SENSOR_HR,SYS,1,0,8,310
2026-07-17T09:16:16,SENSOR_HR,SYS,2,0,0,0
2026-07-17T09:16:16,SYSTEM,SYS,0,0,7,100
2026-07-17T09:16:16,SYSTEM,SYS,0,0,8,8153
2026-07-17T09:16:16,SYSTEM,SYS,0,0,12,31
2026-07-17T09:16:39,SYSTEM,WEB,0,0,1,0
2026-07-17T09:16:46,SENSOR_HR,SYS,0,0,287,77
2026-07-17T09:16:46,SENSOR_HR,SYS,1,0,20,339
2026-07-17T09:16:46,SENSOR_HR,SYS,2,0,0,0
2026-07-17T09:17:16,SYSTEM,SYS,0,0,7,100
2026-07-17T09:17:16,SYSTEM,SYS,0,0,8,8153
2026-07-17T09:17:16,SYSTEM,SYS,0,0,12,31
2026-07-17T09:17:16,SENSOR_HR,SYS,0,0,286,77
2026-07-17T09:17:16,SENSOR_HR,SYS,1,0,27,337
2026-07-17T09:17:16,SENSOR_HR,SYS,2,0,0,0
2026-07-17T09:17:47,SENSOR_HR,SYS,0,0,287,78
2026-07-17T09:17:47,SENSOR_HR,SYS,1,0,24,336
2026-07-17T09:17:47,SENSOR_HR,SYS,2,0,0,0
2026-07-17T09:18:16,SYSTEM,SYS,0,0,7,100
2026-07-17T09:18:16,SYSTEM,SYS,0,0,8,8153
2026-07-17T09:18:16,SYSTEM,SYS,0,0,12,31
2026-07-17T09:18:17,SENSOR_HR,SYS,0,0,288,78
2026-07-17T09:18:17,SENSOR_HR,SYS,1,0,19,341
2026-07-17T09:18:17,SENSOR_HR,SYS,2,0,0,0
2026-07-17T09:18:39,SYSTEM,WEB,0,0,1,0
2026-07-17T09:18:47,SENSOR_HR,SYS,0,0,289,77
2026-07-17T09:18:47,SENSOR_HR,SYS,1,0,29,320
2026-07-17T09:18:47,SENSOR_HR,SYS,2,0,0,0
2026-07-17T09:19:16,SYSTEM,SYS,0,0,7,100
2026-07-17T09:19:16,SYSTEM,SYS,0,0,8,8153
2026-07-17T09:19:16,SYSTEM,SYS,0,0,12,31
2026-07-17T09:19:17,SENSOR_HR,SYS,0,0,290,77
2026-07-17T09:19:17,SENSOR_HR,SYS,1,0,24,326
2026-07-17T09:19:17,SENSOR_HR,SYS,2,0,0,0
2026-07-17T09:18:29,MODE,SYS,0,0,1,257
2026-07-17T09:19:17,RELAY,SYS,1,0,2,0
2026-07-17T09:19:43,RELAY,SYS,1,0,3,0
2026-07-17T09:19:47,SENSOR_HR,SYS,0,0,290,77
2026-07-17T09:19:47,SENSOR_HR,SYS,1,0,2,322
2026-07-17T09:19:47,SENSOR_HR,SYS,2,0,2,0
2026-07-17T09:20:16,SYSTEM,SYS,0,0,7,100
2026-07-17T09:20:16,SYSTEM,SYS,0,0,8,8153
2026-07-17T09:20:16,SYSTEM,SYS,0,0,12,31
2026-07-17T09:20:17,SENSOR_HR,SYS,0,0,290,72
2026-07-17T09:20:17,SENSOR_HR,SYS,1,0,9,306
2026-07-17T09:20:17,SENSOR_HR,SYS,2,0,2,0
2026-07-17T09:20:40,SYSTEM,WEB,0,0,1,0
2026-07-17T09:20:48,SENSOR_HR,SYS,0,0,290,70
2026-07-17T09:20:48,SENSOR_HR,SYS,1,0,5,324
2026-07-17T09:20:48,SENSOR_HR,SYS,2,0,2,0
2026-07-17T09:21:16,SYSTEM,SYS,0,0,7,100
2026-07-17T09:21:16,SYSTEM,SYS,0,0,8,8153
2026-07-17T09:21:16,SYSTEM,SYS,0,0,12,31
2026-07-17T09:21:18,SENSOR_HR,SYS,0,0,289,72
2026-07-17T09:21:18,SENSOR_HR,SYS,1,0,9,327
2026-07-17T09:21:18,SENSOR_HR,SYS,2,0,2,0
2026-07-17T09:21:48,SENSOR_HR,SYS,0,0,289,71
2026-07-17T09:21:48,SENSOR_HR,SYS,1,0,13,319
2026-07-17T09:21:48,SENSOR_HR,SYS,2,0,2,0
2026-07-17T09:22:16,SYSTEM,SYS,0,0,7,100
2026-07-17T09:22:16,SYSTEM,SYS,0,0,8,8153
2026-07-17T09:22:16,SYSTEM,SYS,0,0,12,31
2026-07-17T09:22:18,SENSOR_HR,SYS,0,0,288,68
2026-07-17T09:22:18,SENSOR_HR,SYS,1,0,10,330
2026-07-17T09:22:18,SENSOR_HR,SYS,2,0,2,0
2026-07-17T09:22:41,SYSTEM,WEB,0,0,1,0
2026-07-17T09:22:48,SENSOR_HR,SYS,0,0,289,69
2026-07-17T09:22:48,SENSOR_HR,SYS,1,0,28,322
2026-07-17T09:22:48,SENSOR_HR,SYS,2,0,2,0
2026-07-17T09:23:16,SYSTEM,SYS,0,0,7,100
2026-07-17T09:23:16,SYSTEM,SYS,0,0,8,8153
2026-07-17T09:23:16,SYSTEM,SYS,0,0,12,31
2026-07-17T09:23:18,SENSOR_HR,SYS,0,0,288,66
2026-07-17T09:23:18,SENSOR_HR,SYS,1,0,6,287
2026-07-17T09:23:18,SENSOR_HR,SYS,2,0,2,0
2026-07-17T09:23:49,SENSOR_HR,SYS,0,0,287,68
2026-07-17T09:23:49,SENSOR_HR,SYS,1,0,5,283
2026-07-17T09:23:49,SENSOR_HR,SYS,2,0,2,0
2026-07-17T09:24:16,SYSTEM,SYS,0,0,7,100
2026-07-17T09:24:16,SYSTEM,SYS,0,0,8,8153
2026-07-17T09:24:16,SYSTEM,SYS,0,0,12,31
2026-07-17T09:24:19,SENSOR_HR,SYS,0,0,287,67
2026-07-17T09:24:19,SENSOR_HR,SYS,1,0,12,336
2026-07-17T09:24:19,SENSOR_HR,SYS,2,0,2,0
2026-07-17T09:24:41,SYSTEM,WEB,0,0,1,0
2026-07-17T09:24:49,SENSOR_HR,SYS,0,0,285,68
2026-07-17T09:24:49,SENSOR_HR,SYS,1,0,29,331
2026-07-17T09:24:49,SENSOR_HR,SYS,2,0,2,0
2026-07-17T09:25:16,SYSTEM,SYS,0,0,7,100
2026-07-17T09:25:16,SYSTEM,SYS,0,0,8,8153
2026-07-17T09:25:16,SYSTEM,SYS,0,0,12,31
2026-07-17T09:25:19,SENSOR_HR,SYS,0,0,286,64
2026-07-17T09:25:19,SENSOR_HR,SYS,1,0,23,323
2026-07-17T09:25:19,SENSOR_HR,SYS,2,0,2,0
2026-07-17T09:25:49,SENSOR_HR,SYS,0,0,285,68
2026-07-17T09:25:49,SENSOR_HR,SYS,1,0,9,315
2026-07-17T09:25:49,SENSOR_HR,SYS,2,0,2,0
2026-07-17T09:26:16,SYSTEM,SYS,0,0,7,100
2026-07-17T09:26:16,SYSTEM,SYS,0,0,8,8153
2026-07-17T09:26:16,SYSTEM,SYS,0,0,12,31
2026-07-17T09:26:19,SENSOR_HR,SYS,0,0,284,67
2026-07-17T09:26:19,SENSOR_HR,SYS,1,0,4,315
2026-07-17T09:26:19,SENSOR_HR,SYS,2,0,2,0
2026-07-17T09:26:43,SYSTEM,WEB,0,0,1,0
2026-07-17T09:26:50,SENSOR_HR,SYS,0,0,284,67
2026-07-17T09:26:50,SENSOR_HR,SYS,1,0,18,316
2026-07-17T09:26:50,SENSOR_HR,SYS,2,0,2,0
2026-07-17T09:27:16,SYSTEM,SYS,0,0,7,100
2026-07-17T09:27:16,SYSTEM,SYS,0,0,8,8153
2026-07-17T09:27:16,SYSTEM,SYS,0,0,12,31
2026-07-17T09:27:20,SENSOR_HR,SYS,0,0,283,67
2026-07-17T09:27:20,SENSOR_HR,SYS,1,0,16,293
2026-07-17T09:27:20,SENSOR_HR,SYS,2,0,2,0
2026-07-17T09:27:50,SENSOR_HR,SYS,0,0,281,67
2026-07-17T09:27:50,SENSOR_HR,SYS,1,0,25,332
2026-07-17T09:27:50,SENSOR_HR,SYS,2,0,2,0
2026-07-17T09:28:16,SYSTEM,SYS,0,0,7,100
2026-07-17T09:28:16,SYSTEM,SYS,0,0,8,8153
2026-07-17T09:28:16,SYSTEM,SYS,0,0,12,31
2026-07-17T09:28:20,SENSOR_HR,SYS,0,0,281,68
2026-07-17T09:28:20,SENSOR_HR,SYS,1,0,11,308
2026-07-17T09:28:20,SENSOR_HR,SYS,2,0,2,0
2026-07-17T09:28:42,SYSTEM,WEB,0,0,1,0
2026-07-17T09:28:50,SENSOR_HR,SYS,0,0,280,65
2026-07-17T09:28:50,SENSOR_HR,SYS,1,0,30,328
2026-07-17T09:28:50,SENSOR_HR,SYS,2,0,2,0
2026-07-17T09:29:16,SYSTEM,SYS,0,0,7,100
2026-07-17T09:29:16,SYSTEM,SYS,0,0,8,8153
2026-07-17T09:29:16,SYSTEM,SYS,0,0,12,31
2026-07-17T09:29:20,SENSOR_HR,SYS,0,0,280,65
2026-07-17T09:29:20,SENSOR_HR,SYS,1,0,26,325
2026-07-17T09:29:20,SENSOR_HR,SYS,2,0,2,0
2026-07-17T09:29:51,SENSOR_HR,SYS,0,0,278,66
2026-07-17T09:29:51,SENSOR_HR,SYS,1,0,35,328
2026-07-17T09:29:51,SENSOR_HR,SYS,2,0,2,0
2026-07-17T09:30:16,SYSTEM,SYS,0,0,7,100
2026-07-17T09:30:16,SYSTEM,SYS,0,0,8,8153
2026-07-17T09:30:16,SYSTEM,SYS,0,0,12,31
2026-07-17T09:30:21,SENSOR_HR,SYS,0,0,278,65
2026-07-17T09:30:21,SENSOR_HR,SYS,1,0,23,338
2026-07-17T09:30:21,SENSOR_HR,SYS,2,0,2,0
2026-07-17T09:30:43,SYSTEM,WEB,0,0,1,0
2026-07-17T09:30:51,SENSOR_HR,SYS,0,0,278,67
2026-07-17T09:30:51,SENSOR_HR,SYS,1,0,24,320
2026-07-17T09:30:51,SENSOR_HR,SYS,2,0,2,0
2026-07-17T09:31:16,SYSTEM,SYS,0,0,7,100
2026-07-17T09:31:16,SYSTEM,SYS,0,0,8,8153
2026-07-17T09:31:16,SYSTEM,SYS,0,0,12,31
2026-07-17T09:31:21,SENSOR_HR,SYS,0,0,277,67
2026-07-17T09:31:21,SENSOR_HR,SYS,1,0,8,318
2026-07-17T09:31:21,SENSOR_HR,SYS,2,0,2,0
2026-07-17T09:31:51,SENSOR_HR,SYS,0,0,275,68
2026-07-17T09:31:51,SENSOR_HR,SYS,1,0,29,329
2026-07-17T09:31:51,SENSOR_HR,SYS,2,0,2,0
2026-07-17T09:32:16,SYSTEM,SYS,0,0,7,100
2026-07-17T09:32:16,SYSTEM,SYS,0,0,8,8153
2026-07-17T09:32:16,SYSTEM,SYS,0,0,12,31
2026-07-17T09:32:21,SENSOR_HR,SYS,0,0,274,65
2026-07-17T09:32:21,SENSOR_HR,SYS,1,0,31,340
2026-07-17T09:32:21,SENSOR_HR,SYS,2,0,2,0
2026-07-17T09:32:43,SYSTEM,WEB,0,0,1,0
2026-07-17T09:32:52,SENSOR_HR,SYS,0,0,274,68
2026-07-17T09:32:52,SENSOR_HR,SYS,1,0,21,334
2026-07-17T09:32:52,SENSOR_HR,SYS,2,0,2,0
2026-07-17T09:33:16,SYSTEM,SYS,0,0,7,100
2026-07-17T09:33:16,SYSTEM,SYS,0,0,8,8153
2026-07-17T09:33:16,SYSTEM,SYS,0,0,12,31
2026-07-17T09:33:22,SENSOR_HR,SYS,0,0,273,68
2026-07-17T09:33:22,SENSOR_HR,SYS,1,0,22,343
2026-07-17T09:33:22,SENSOR_HR,SYS,2,0,2,0
2026-07-17T09:33:52,SENSOR_HR,SYS,0,0,271,66
2026-07-17T09:33:52,SENSOR_HR,SYS,1,0,22,3
2026-07-17T09:33:52,SENSOR_HR,SYS,2,0,2,0
2026-07-17T09:34:16,SYSTEM,SYS,0,0,7,100
2026-07-17T09:34:16,SYSTEM,SYS,0,0,8,8153
2026-07-17T09:34:16,SYSTEM,SYS,0,0,12,31
2026-07-17T09:34:22,SENSOR_HR,SYS,0,0,273,69
2026-07-17T09:34:22,SENSOR_HR,SYS,1,0,17,318
2026-07-17T09:34:22,SENSOR_HR,SYS,2,0,2,0
2026-07-17T09:34:43,SYSTEM,WEB,0,0,1,0
2026-07-17T09:34:52,SENSOR_HR,SYS,0,0,273,70
2026-07-17T09:34:52,SENSOR_HR,SYS,1,0,21,346
2026-07-17T09:34:52,SENSOR_HR,SYS,2,0,2,0
2026-07-17T09:35:16,SYSTEM,SYS,0,0,7,100
2026-07-17T09:35:16,SYSTEM,SYS,0,0,8,8153
2026-07-17T09:35:16,SYSTEM,SYS,0,0,12,31
2026-07-17T09:35:22,SENSOR_HR,SYS,0,0,272,69
2026-07-17T09:35:22,SENSOR_HR,SYS,1,0,25,330
2026-07-17T09:35:22,SENSOR_HR,SYS,2,0,2,0
2026-07-17T09:35:53,SENSOR_HR,SYS,0,0,271,69
2026-07-17T09:35:53,SENSOR_HR,SYS,1,0,20,328
2026-07-17T09:35:53,SENSOR_HR,SYS,2,0,2,0
2026-07-17T09:36:16,SYSTEM,SYS,0,0,7,100
2026-07-17T09:36:16,SYSTEM,SYS,0,0,8,8153
2026-07-17T09:36:16,SYSTEM,SYS,0,0,12,31
2026-07-17T09:36:23,SENSOR_HR,SYS,0,0,271,69
2026-07-17T09:36:23,SENSOR_HR,SYS,1,0,32,340
2026-07-17T09:36:23,SENSOR_HR,SYS,2,0,2,0
2026-07-17T09:36:43,SYSTEM,WEB,0,0,1,0
2026-07-17T09:36:53,SENSOR_HR,SYS,0,0,271,67
2026-07-17T09:36:53,SENSOR_HR,SYS,1,0,18,345
2026-07-17T09:36:53,SENSOR_HR,SYS,2,0,2,0
2026-07-17T09:37:16,SYSTEM,SYS,0,0,7,100
2026-07-17T09:37:16,SYSTEM,SYS,0,0,8,8153
2026-07-17T09:37:16,SYSTEM,SYS,0,0,12,31
2026-07-17T09:37:23,SENSOR_HR,SYS,0,0,271,68
2026-07-17T09:37:23,SENSOR_HR,SYS,1,0,22,346
2026-07-17T09:37:23,SENSOR_HR,SYS,2,0,2,0
2026-07-17T09:37:53,SENSOR_HR,SYS,0,0,270,69
2026-07-17T09:37:53,SENSOR_HR,SYS,1,0,32,348
2026-07-17T09:37:53,SENSOR_HR,SYS,2,0,2,0
2026-07-17T09:38:16,SYSTEM,SYS,0,0,7,100
2026-07-17T09:38:16,SYSTEM,SYS,0,0,8,8153
2026-07-17T09:38:16,SYSTEM,SYS,0,0,12,31
2026-07-17T09:38:23,SENSOR_HR,SYS,0,0,271,70
2026-07-17T09:38:23,SENSOR_HR,SYS,1,0,23,347
2026-07-17T09:38:23,SENSOR_HR,SYS,2,0,2,0
2026-07-17T09:38:44,SYSTEM,WEB,0,0,1,0
2026-07-17T09:38:54,SENSOR_HR,SYS,0,0,271,68
2026-07-17T09:38:54,SENSOR_HR,SYS,1,0,13,297
2026-07-17T09:38:54,SENSOR_HR,SYS,2,0,2,0
2026-07-17T09:39:16,SYSTEM,SYS,0,0,7,100
2026-07-17T09:39:16,SYSTEM,SYS,0,0,8,8153
2026-07-17T09:39:16,SYSTEM,SYS,0,0,12,31
2026-07-17T09:39:24,SENSOR_HR,SYS,0,0,272,69
2026-07-17T09:39:24,SENSOR_HR,SYS,1,0,13,345
2026-07-17T09:39:24,SENSOR_HR,SYS,2,0,2,0
2026-07-17T09:39:54,SENSOR_HR,SYS,0,0,272,68
2026-07-17T09:39:54,SENSOR_HR,SYS,1,0,19,316
2026-07-17T09:39:54,SENSOR_HR,SYS,2,0,2,0
2026-07-17T09:40:16,SYSTEM,SYS,0,0,7,100
2026-07-17T09:40:16,SYSTEM,SYS,0,0,8,8153
2026-07-17T09:40:16,SYSTEM,SYS,0,0,12,31
2026-07-17T09:40:24,SENSOR_HR,SYS,0,0,272,68
2026-07-17T09:40:24,SENSOR_HR,SYS,1,0,17,316
2026-07-17T09:40:24,SENSOR_HR,SYS,2,0,2,0
2026-07-17T09:40:45,SYSTEM,WEB,0,0,1,0
2026-07-17T09:40:54,SENSOR_HR,SYS,0,0,273,67
2026-07-17T09:40:54,SENSOR_HR,SYS,1,0,20,330
2026-07-17T09:40:54,SENSOR_HR,SYS,2,0,2,0
2026-07-17T09:41:16,SYSTEM,SYS,0,0,7,100
2026-07-17T09:41:16,SYSTEM,SYS,0,0,8,8153
2026-07-17T09:41:16,SYSTEM,SYS,0,0,12,31
2026-07-17T09:41:24,SENSOR_HR,SYS,0,0,273,69
2026-07-17T09:41:24,SENSOR_HR,SYS,1,0,18,323
2026-07-17T09:41:24,SENSOR_HR,SYS,2,0,2,0
2026-07-17T09:41:55,SENSOR_HR,SYS,0,0,273,69
2026-07-17T09:41:55,SENSOR_HR,SYS,1,0,28,328
2026-07-17T09:41:55,SENSOR_HR,SYS,2,0,2,0
2026-07-17T09:42:16,SYSTEM,SYS,0,0,7,100
2026-07-17T09:42:16,SYSTEM,SYS,0,0,8,8153
2026-07-17T09:42:16,SYSTEM,SYS,0,0,12,31
2026-07-17T09:42:25,SENSOR_HR,SYS,0,0,274,68
2026-07-17T09:42:25,SENSOR_HR,SYS,1,0,32,342
2026-07-17T09:42:25,SENSOR_HR,SYS,2,0,2,0
2026-07-17T09:42:45,SYSTEM,WEB,0,0,1,0
2026-07-17T09:42:55,SENSOR_HR,SYS,0,0,274,69
2026-07-17T09:42:55,SENSOR_HR,SYS,1,0,17,355
2026-07-17T09:42:55,SENSOR_HR,SYS,2,0,2,0
2026-07-17T09:43:16,SYSTEM,SYS,0,0,7,100
2026-07-17T09:43:16,SYSTEM,SYS,0,0,8,8153
2026-07-17T09:43:16,SYSTEM,SYS,0,0,12,31
2026-07-17T09:43:25,SENSOR_HR,SYS,0,0,274,68
2026-07-17T09:43:25,SENSOR_HR,SYS,1,0,24,355
2026-07-17T09:43:25,SENSOR_HR,SYS,2,0,2,0
2026-07-17T09:43:55,SENSOR_HR,SYS,0,0,275,70
2026-07-17T09:43:55,SENSOR_HR,SYS,1,0,9,317
2026-07-17T09:43:55,SENSOR_HR,SYS,2,0,2,0
2026-07-17T09:44:16,SYSTEM,SYS,0,0,7,100
2026-07-17T09:44:16,SYSTEM,SYS,0,0,8,8153
2026-07-17T09:44:16,SYSTEM,SYS,0,0,12,31
2026-07-17T09:44:25,SENSOR_HR,SYS,0,0,275,70
2026-07-17T09:44:25,SENSOR_HR,SYS,1,0,10,335
2026-07-17T09:44:25,SENSOR_HR,SYS,2,0,2,0
2026-07-17T09:44:47,SYSTEM,WEB,0,0,1,0
2026-07-17T09:44:56,SENSOR_HR,SYS,0,0,275,69
2026-07-17T09:44:56,SENSOR_HR,SYS,1,0,20,338
2026-07-17T09:44:56,SENSOR_HR,SYS,2,0,2,0
2026-07-17T09:45:16,SYSTEM,SYS,0,0,7,100
2026-07-17T09:45:16,SYSTEM,SYS,0,0,8,8153
2026-07-17T09:45:16,SYSTEM,SYS,0,0,12,31
2026-07-17T09:45:26,SENSOR_HR,SYS,0,0,276,70
2026-07-17T09:45:26,SENSOR_HR,SYS,1,0,12,2
2026-07-17T09:45:26,SENSOR_HR,SYS,2,0,2,0
2026-07-17T09:45:56,SENSOR_HR,SYS,0,0,276,69
2026-07-17T09:45:56,SENSOR_HR,SYS,1,0,39,353
2026-07-17T09:45:56,SENSOR_HR,SYS,2,0,2,0
2026-07-17T09:46:16,SYSTEM,SYS,0,0,7,100
2026-07-17T09:46:16,SYSTEM,SYS,0,0,8,8153
2026-07-17T09:46:16,SYSTEM,SYS,0,0,12,31
2026-07-17T09:46:26,SENSOR_HR,SYS,0,0,277,68
2026-07-17T09:46:26,SENSOR_HR,SYS,1,0,22,355
2026-07-17T09:46:26,SENSOR_HR,SYS,2,0,2,0
2026-07-17T09:46:47,SYSTEM,WEB,0,0,1,0
2026-07-17T09:46:56,SENSOR_HR,SYS,0,0,276,69
2026-07-17T09:46:56,SENSOR_HR,SYS,1,0,28,1
2026-07-17T09:46:56,SENSOR_HR,SYS,2,0,2,0
2026-07-17T09:47:16,SYSTEM,SYS,0,0,7,100
2026-07-17T09:47:16,SYSTEM,SYS,0,0,8,8153
2026-07-17T09:47:16,SYSTEM,SYS,0,0,12,31
2026-07-17T09:47:26,SENSOR_HR,SYS,0,0,277,68
2026-07-17T09:47:26,SENSOR_HR,SYS,1,0,31,6
2026-07-17T09:47:26,SENSOR_HR,SYS,2,0,2,0
2026-07-17T09:47:57,SENSOR_HR,SYS,0,0,276,68
2026-07-17T09:47:57,SENSOR_HR,SYS,1,0,22,354
2026-07-17T09:47:57,SENSOR_HR,SYS,2,0,2,0
2026-07-17T09:48:16,SYSTEM,SYS,0,0,7,100
2026-07-17T09:48:16,SYSTEM,SYS,0,0,8,8153
2026-07-17T09:48:16,SYSTEM,SYS,0,0,12,31
2026-07-17T09:48:27,SENSOR_HR,SYS,0,0,278,68
2026-07-17T09:48:27,SENSOR_HR,SYS,1,0,21,327
2026-07-17T09:48:27,SENSOR_HR,SYS,2,0,2,0
2026-07-17T09:48:47,SYSTEM,WEB,0,0,1,0
2026-07-17T09:48:57,SENSOR_HR,SYS,0,0,277,68
2026-07-17T09:48:57,SENSOR_HR,SYS,1,0,20,326
2026-07-17T09:48:57,SENSOR_HR,SYS,2,0,2,0
2026-07-17T09:49:16,SYSTEM,SYS,0,0,7,100
2026-07-17T09:49:16,SYSTEM,SYS,0,0,8,8153
2026-07-17T09:49:16,SYSTEM,SYS,0,0,12,31
2026-07-17T09:49:27,SENSOR_HR,SYS,0,0,277,68
2026-07-17T09:49:27,SENSOR_HR,SYS,1,0,17,342
2026-07-17T09:49:27,SENSOR_HR,SYS,2,0,2,0
2026-07-17T09:49:57,SENSOR_HR,SYS,0,0,277,69
2026-07-17T09:49:57,SENSOR_HR,SYS,1,0,14,323
2026-07-17T09:49:57,SENSOR_HR,SYS,2,0,2,0
2026-07-17T09:50:16,SYSTEM,SYS,0,0,7,100
2026-07-17T09:50:16,SYSTEM,SYS,0,0,8,8153
2026-07-17T09:50:16,SYSTEM,SYS,0,0,12,31
2026-07-17T09:50:27,SENSOR_HR,SYS,0,0,278,67
2026-07-17T09:50:27,SENSOR_HR,SYS,1,0,21,346
2026-07-17T09:50:27,SENSOR_HR,SYS,2,0,2,0
2026-07-17T09:50:48,SYSTEM,WEB,0,0,1,0
2026-07-17T09:50:58,SENSOR_HR,SYS,0,0,279,70
2026-07-17T09:50:58,SENSOR_HR,SYS,1,0,17,340
2026-07-17T09:50:58,SENSOR_HR,SYS,2,0,2,0
2026-07-17T09:51:16,SYSTEM,SYS,0,0,7,100
2026-07-17T09:51:16,SYSTEM,SYS,0,0,8,8153
2026-07-17T09:51:16,SYSTEM,SYS,0,0,12,31
2026-07-17T09:51:28,SENSOR_HR,SYS,0,0,279,67
2026-07-17T09:51:28,SENSOR_HR,SYS,1,0,19,319
2026-07-17T09:51:28,SENSOR_HR,SYS,2,0,2,0
2026-07-17T09:51:58,SENSOR_HR,SYS,0,0,279,68
2026-07-17T09:51:58,SENSOR_HR,SYS,1,0,20,328
2026-07-17T09:51:58,SENSOR_HR,SYS,2,0,2,0
2026-07-17T09:52:16,SYSTEM,SYS,0,0,7,100
2026-07-17T09:52:16,SYSTEM,SYS,0,0,8,8153
2026-07-17T09:52:16,SYSTEM,SYS,0,0,12,31
2026-07-17T09:52:28,SENSOR_HR,SYS,0,0,279,65
2026-07-17T09:52:28,SENSOR_HR,SYS,1,0,18,336
2026-07-17T09:52:28,SENSOR_HR,SYS,2,0,2,0
2026-07-17T09:52:48,SYSTEM,WEB,0,0,1,0
2026-07-17T09:52:58,SENSOR_HR,SYS,0,0,280,67
2026-07-17T09:52:58,SENSOR_HR,SYS,1,0,23,341
2026-07-17T09:52:58,SENSOR_HR,SYS,2,0,2,0
2026-07-17T09:53:16,SYSTEM,SYS,0,0,7,100
2026-07-17T09:53:16,SYSTEM,SYS,0,0,8,8153
2026-07-17T09:53:16,SYSTEM,SYS,0,0,12,31
2026-07-17T09:53:28,SENSOR_HR,SYS,0,0,280,67
2026-07-17T09:53:28,SENSOR_HR,SYS,1,0,14,7
2026-07-17T09:53:28,SENSOR_HR,SYS,2,0,2,0
2026-07-17T09:53:59,SENSOR_HR,SYS,0,0,279,67
2026-07-17T09:53:59,SENSOR_HR,SYS,1,0,18,9
2026-07-17T09:53:59,SENSOR_HR,SYS,2,0,2,0
2026-07-17T09:54:16,SYSTEM,SYS,0,0,7,100
2026-07-17T09:54:16,SYSTEM,SYS,0,0,8,8153
2026-07-17T09:54:16,SYSTEM,SYS,0,0,12,31
2026-07-17T09:54:29,SENSOR_HR,SYS,0,0,279,68
2026-07-17T09:54:29,SENSOR_HR,SYS,1,0,12,335
2026-07-17T09:54:29,SENSOR_HR,SYS,2,0,2,0
2026-07-17T09:54:48,SYSTEM,WEB,0,0,1,0
2026-07-17T09:54:59,SENSOR_HR,SYS,0,0,280,68
2026-07-17T09:54:59,SENSOR_HR,SYS,1,0,18,329
2026-07-17T09:54:59,SENSOR_HR,SYS,2,0,2,0
2026-07-17T09:55:16,SYSTEM,SYS,0,0,7,100
2026-07-17T09:55:16,SYSTEM,SYS,0,0,8,8153
2026-07-17T09:55:16,SYSTEM,SYS,0,0,12,31
2026-07-17T09:55:29,SENSOR_HR,SYS,0,0,281,67
2026-07-17T09:55:29,SENSOR_HR,SYS,1,0,8,312
2026-07-17T09:55:29,SENSOR_HR,SYS,2,0,2,0
2026-07-17T09:55:59,SENSOR_HR,SYS,0,0,281,67
2026-07-17T09:55:59,SENSOR_HR,SYS,1,0,14,300
2026-07-17T09:55:59,SENSOR_HR,SYS,2,0,2,0
2026-07-17T09:56:16,SYSTEM,SYS,0,0,7,100
2026-07-17T09:56:16,SYSTEM,SYS,0,0,8,8153
2026-07-17T09:56:16,SYSTEM,SYS,0,0,12,31
2026-07-17T09:56:29,SENSOR_HR,SYS,0,0,282,65
2026-07-17T09:56:29,SENSOR_HR,SYS,1,0,17,317
2026-07-17T09:56:29,SENSOR_HR,SYS,2,0,2,0
2026-07-17T09:56:48,SYSTEM,WEB,0,0,1,0
2026-07-17T09:57:00,SENSOR_HR,SYS,0,0,282,65
2026-07-17T09:57:00,SENSOR_HR,SYS,1,0,20,266
2026-07-17T09:57:00,SENSOR_HR,SYS,2,0,2,0
2026-07-17T09:57:16,SYSTEM,SYS,0,0,7,100
2026-07-17T09:57:16,SYSTEM,SYS,0,0,8,8153
2026-07-17T09:57:16,SYSTEM,SYS,0,0,12,31
2026-07-17T09:57:30,SENSOR_HR,SYS,0,0,282,67
2026-07-17T09:57:30,SENSOR_HR,SYS,1,0,10,263
2026-07-17T09:57:30,SENSOR_HR,SYS,2,0,2,0
2026-07-17T09:58:00,SENSOR_HR,SYS,0,0,282,68
2026-07-17T09:58:00,SENSOR_HR,SYS,1,0,7,204
2026-07-17T09:58:00,SENSOR_HR,SYS,2,0,2,0
2026-07-17T09:58:16,SYSTEM,SYS,0,0,7,100
2026-07-17T09:58:16,SYSTEM,SYS,0,0,8,8153
2026-07-17T09:58:16,SYSTEM,SYS,0,0,12,31
2026-07-17T09:58:30,SENSOR_HR,SYS,0,0,282,66
2026-07-17T09:58:30,SENSOR_HR,SYS,1,0,2,300
2026-07-17T09:58:30,SENSOR_HR,SYS,2,0,2,0
2026-07-17T09:58:50,SYSTEM,WEB,0,0,1,0
2026-07-17T09:59:00,SENSOR_HR,SYS,0,0,283,68
2026-07-17T09:59:00,SENSOR_HR,SYS,1,0,3,260
2026-07-17T09:59:00,SENSOR_HR,SYS,2,0,2,0
2026-07-17T09:59:16,SYSTEM,SYS,0,0,7,100
2026-07-17T09:59:16,SYSTEM,SYS,0,0,8,8153
2026-07-17T09:59:16,SYSTEM,SYS,0,0,12,31
2026-07-17T09:59:30,SENSOR_HR,SYS,0,0,283,62
2026-07-17T09:59:30,SENSOR_HR,SYS,1,0,28,264
2026-07-17T09:59:30,SENSOR_HR,SYS,2,0,2,0
2026-07-17T10:00:00,SENSOR_HR,SYS,0,0,283,66
2026-07-17T10:00:00,SENSOR_HR,SYS,1,0,27,329
2026-07-17T10:00:00,SENSOR_HR,SYS,2,0,2,0
2026-07-17T10:00:16,SYSTEM,SYS,0,0,7,100
2026-07-17T10:00:16,SYSTEM,SYS,0,0,8,8153
2026-07-17T10:00:16,SYSTEM,SYS,0,0,12,31
2026-07-17T10:00:31,SENSOR_HR,SYS,0,0,283,66
2026-07-17T10:00:31,SENSOR_HR,SYS,1,0,16,313
2026-07-17T10:00:31,SENSOR_HR,SYS,2,0,2,0
2026-07-17T10:00:50,SYSTEM,WEB,0,0,1,0
2026-07-17T10:01:01,SENSOR_HR,SYS,0,0,283,67
2026-07-17T10:01:01,SENSOR_HR,SYS,1,0,19,334
2026-07-17T10:01:01,SENSOR_HR,SYS,2,0,2,0
2026-07-17T10:01:16,SYSTEM,SYS,0,0,7,100
2026-07-17T10:01:16,SYSTEM,SYS,0,0,8,8153
2026-07-17T10:01:16,SYSTEM,SYS,0,0,12,31
2026-07-17T10:01:31,SENSOR_HR,SYS,0,0,284,65
2026-07-17T10:01:31,SENSOR_HR,SYS,1,0,18,359
2026-07-17T10:01:31,SENSOR_HR,SYS,2,0,2,0
2026-07-17T10:02:01,SENSOR_HR,SYS,0,0,285,65
2026-07-17T10:02:01,SENSOR_HR,SYS,1,0,31,349
2026-07-17T10:02:01,SENSOR_HR,SYS,2,0,2,0
2026-07-17T10:02:16,SYSTEM,SYS,0,0,7,100
2026-07-17T10:02:16,SYSTEM,SYS,0,0,8,8153
2026-07-17T10:02:16,SYSTEM,SYS,0,0,12,31
2026-07-17T10:02:31,SENSOR_HR,SYS,0,0,284,67
2026-07-17T10:02:31,SENSOR_HR,SYS,1,0,36,329
2026-07-17T10:02:31,SENSOR_HR,SYS,2,0,2,0
2026-07-17T10:02:51,SYSTEM,WEB,0,0,1,0
2026-07-17T10:03:01,SENSOR_HR,SYS,0,0,284,67
2026-07-17T10:03:01,SENSOR_HR,SYS,1,0,23,331
2026-07-17T10:03:01,SENSOR_HR,SYS,2,0,2,0
2026-07-17T10:03:16,SYSTEM,SYS,0,0,7,100
2026-07-17T10:03:16,SYSTEM,SYS,0,0,8,8153
2026-07-17T10:03:16,SYSTEM,SYS,0,0,12,31
2026-07-17T10:03:32,SENSOR_HR,SYS,0,0,285,63
2026-07-17T10:03:32,SENSOR_HR,SYS,1,0,14,314
2026-07-17T10:03:32,SENSOR_HR,SYS,2,0,2,0
2026-07-17T10:04:02,SENSOR_HR,SYS,0,0,285,65
2026-07-17T10:04:02,SENSOR_HR,SYS,1,0,13,347
2026-07-17T10:04:02,SENSOR_HR,SYS,2,0,2,0
2026-07-17T10:04:16,SYSTEM,SYS,0,0,7,100
2026-07-17T10:04:16,SYSTEM,SYS,0,0,8,8153
2026-07-17T10:04:16,SYSTEM,SYS,0,0,12,31
2026-07-17T10:04:32,SENSOR_HR,SYS,0,0,285,66
2026-07-17T10:04:32,SENSOR_HR,SYS,1,0,26,349
2026-07-17T10:04:32,SENSOR_HR,SYS,2,0,2,0
2026-07-17T10:04:51,SYSTEM,WEB,0,0,1,0
2026-07-17T10:05:02,SENSOR_HR,SYS,0,0,286,64
2026-07-17T10:05:02,SENSOR_HR,SYS,1,0,19,342
2026-07-17T10:05:02,SENSOR_HR,SYS,2,0,2,0
2026-07-17T10:05:16,SYSTEM,SYS,0,0,7,100
2026-07-17T10:05:16,SYSTEM,SYS,0,0,8,8153
2026-07-17T10:05:16,SYSTEM,SYS,0,0,12,31
2026-07-17T10:05:32,SENSOR_HR,SYS,0,0,286,65
2026-07-17T10:05:32,SENSOR_HR,SYS,1,0,20,342
2026-07-17T10:05:32,SENSOR_HR,SYS,2,0,2,0
2026-07-17T10:06:02,SENSOR_HR,SYS,0,0,285,64
2026-07-17T10:06:02,SENSOR_HR,SYS,1,0,26,354
2026-07-17T10:06:02,SENSOR_HR,SYS,2,0,2,0
2026-07-17T10:06:16,SYSTEM,SYS,0,0,7,100
2026-07-17T10:06:16,SYSTEM,SYS,0,0,8,8153
2026-07-17T10:06:16,SYSTEM,SYS,0,0,12,31
2026-07-17T10:06:33,SENSOR_HR,SYS,0,0,286,64
2026-07-17T10:06:33,SENSOR_HR,SYS,1,0,19,348
2026-07-17T10:06:33,SENSOR_HR,SYS,2,0,2,0
2026-07-17T10:06:51,SYSTEM,WEB,0,0,1,0
2026-07-17T10:07:03,SENSOR_HR,SYS,0,0,286,63
2026-07-17T10:07:03,SENSOR_HR,SYS,1,0,14,340
2026-07-17T10:07:03,SENSOR_HR,SYS,2,0,2,0
2026-07-17T10:07:16,SYSTEM,SYS,0,0,7,100
2026-07-17T10:07:16,SYSTEM,SYS,0,0,8,8153
2026-07-17T10:07:16,SYSTEM,SYS,0,0,12,31
2026-07-17T10:07:33,SENSOR_HR,SYS,0,0,287,66
2026-07-17T10:07:33,SENSOR_HR,SYS,1,0,28,333
2026-07-17T10:07:33,SENSOR_HR,SYS,2,0,2,0
2026-07-17T10:08:03,SENSOR_HR,SYS,0,0,286,62
2026-07-17T10:08:03,SENSOR_HR,SYS,1,0,20,327
2026-07-17T10:08:03,SENSOR_HR,SYS,2,0,2,0
2026-07-17T10:08:16,SYSTEM,SYS,0,0,7,100
2026-07-17T10:08:16,SYSTEM,SYS,0,0,8,8153
2026-07-17T10:08:16,SYSTEM,SYS,0,0,12,31
2026-07-17T10:08:33,SENSOR_HR,SYS,0,0,286,63
2026-07-17T10:08:33,SENSOR_HR,SYS,1,0,19,347
2026-07-17T10:08:33,SENSOR_HR,SYS,2,0,2,0
2026-07-17T10:08:52,SYSTEM,WEB,0,0,1,0
2026-07-17T10:09:03,SENSOR_HR,SYS,0,0,287,64
2026-07-17T10:09:03,SENSOR_HR,SYS,1,0,20,352
2026-07-17T10:09:03,SENSOR_HR,SYS,2,0,2,0
2026-07-17T10:09:16,SYSTEM,SYS,0,0,7,100
2026-07-17T10:09:16,SYSTEM,SYS,0,0,8,8153
2026-07-17T10:09:16,SYSTEM,SYS,0,0,12,31
2026-07-17T10:09:34,SENSOR_HR,SYS,0,0,288,65
2026-07-17T10:09:34,SENSOR_HR,SYS,1,0,24,348
2026-07-17T10:09:34,SENSOR_HR,SYS,2,0,2,0
2026-07-17T10:10:04,SENSOR_HR,SYS,0,0,287,64
2026-07-17T10:10:04,SENSOR_HR,SYS,1,0,20,328
2026-07-17T10:10:04,SENSOR_HR,SYS,2,0,2,0
2026-07-17T10:10:16,SYSTEM,SYS,0,0,7,100
2026-07-17T10:10:16,SYSTEM,SYS,0,0,8,8153
2026-07-17T10:10:16,SYSTEM,SYS,0,0,12,31
2026-07-17T10:10:34,SENSOR_HR,SYS,0,0,287,66
2026-07-17T10:10:34,SENSOR_HR,SYS,1,0,22,320
2026-07-17T10:10:34,SENSOR_HR,SYS,2,0,2,0
2026-07-17T10:10:53,SYSTEM,WEB,0,0,1,0
2026-07-17T10:11:04,SENSOR_HR,SYS,0,0,289,66
2026-07-17T10:11:04,SENSOR_HR,SYS,1,0,25,324
2026-07-17T10:11:04,SENSOR_HR,SYS,2,0,2,0
2026-07-17T10:11:16,SYSTEM,SYS,0,0,7,100
2026-07-17T10:11:16,SYSTEM,SYS,0,0,8,8153
2026-07-17T10:11:16,SYSTEM,SYS,0,0,12,31
2026-07-17T10:11:34,SENSOR_HR,SYS,0,0,289,65
2026-07-17T10:11:34,SENSOR_HR,SYS,1,0,11,320
2026-07-17T10:11:34,SENSOR_HR,SYS,2,0,2,0
2026-07-17T10:12:04,SENSOR_HR,SYS,0,0,288,62
2026-07-17T10:12:04,SENSOR_HR,SYS,1,0,17,352
2026-07-17T10:12:04,SENSOR_HR,SYS,2,0,2,0
2026-07-17T10:12:16,SYSTEM,SYS,0,0,7,100
2026-07-17T10:12:16,SYSTEM,SYS,0,0,8,8153
2026-07-17T10:12:16,SYSTEM,SYS,0,0,12,31
2026-07-17T10:12:35,SENSOR_HR,SYS,0,0,289,65
2026-07-17T10:12:35,SENSOR_HR,SYS,1,0,19,350
2026-07-17T10:12:35,SENSOR_HR,SYS,2,0,2,0
2026-07-17T10:12:55,SYSTEM,WEB,0,0,1,0
2026-07-17T10:13:05,SENSOR_HR,SYS,0,0,290,65
2026-07-17T10:13:05,SENSOR_HR,SYS,1,0,11,8
2026-07-17T10:13:05,SENSOR_HR,SYS,2,0,2,0
2026-07-17T10:13:16,SYSTEM,SYS,0,0,7,100
2026-07-17T10:13:16,SYSTEM,SYS,0,0,8,8153
2026-07-17T10:13:16,SYSTEM,SYS,0,0,12,31
2026-07-17T10:13:35,SENSOR_HR,SYS,0,0,289,65
2026-07-17T10:13:35,SENSOR_HR,SYS,1,0,9,359
2026-07-17T10:13:35,SENSOR_HR,SYS,2,0,2,0
2026-07-17T10:14:05,SENSOR_HR,SYS,0,0,290,65
2026-07-17T10:14:05,SENSOR_HR,SYS,1,0,13,322
2026-07-17T10:14:05,SENSOR_HR,SYS,2,0,2,0
2026-07-17T10:14:16,SYSTEM,SYS,0,0,7,100
2026-07-17T10:14:16,SYSTEM,SYS,0,0,8,8153
2026-07-17T10:14:16,SYSTEM,SYS,0,0,12,31
2026-07-17T10:14:35,SENSOR_HR,SYS,0,0,290,65
2026-07-17T10:14:35,SENSOR_HR,SYS,1,0,28,328
2026-07-17T10:14:35,SENSOR_HR,SYS,2,0,2,0
2026-07-17T10:14:55,SYSTEM,WEB,0,0,1,0
2026-07-17T10:15:05,SENSOR_HR,SYS,0,0,291,66
2026-07-17T10:15:05,SENSOR_HR,SYS,1,0,23,325
2026-07-17T10:15:05,SENSOR_HR,SYS,2,0,2,0
2026-07-17T10:15:16,SYSTEM,SYS,0,0,7,100
2026-07-17T10:15:16,SYSTEM,SYS,0,0,8,8153
2026-07-17T10:15:16,SYSTEM,SYS,0,0,12,31
2026-07-17T10:15:36,SENSOR_HR,SYS,0,0,291,62
2026-07-17T10:15:36,SENSOR_HR,SYS,1,0,29,331
2026-07-17T10:15:36,SENSOR_HR,SYS,2,0,2,0
2026-07-17T10:16:06,SENSOR_HR,SYS,0,0,291,61
2026-07-17T10:16:06,SENSOR_HR,SYS,1,0,34,323
2026-07-17T10:16:06,SENSOR_HR,SYS,2,0,2,0
2026-07-17T10:16:16,SYSTEM,SYS,0,0,7,100
2026-07-17T10:16:16,SYSTEM,SYS,0,0,8,8153
2026-07-17T10:16:16,SYSTEM,SYS,0,0,12,31
2026-07-17T10:16:36,SENSOR_HR,SYS,0,0,291,62
2026-07-17T10:16:36,SENSOR_HR,SYS,1,0,30,324
2026-07-17T10:16:36,SENSOR_HR,SYS,2,0,2,0
2026-07-17T10:16:55,SYSTEM,WEB,0,0,1,0
2026-07-17T10:17:06,SENSOR_HR,SYS,0,0,290,60
2026-07-17T10:17:06,SENSOR_HR,SYS,1,0,18,4
2026-07-17T10:17:06,SENSOR_HR,SYS,2,0,2,0
2026-07-17T10:17:16,SYSTEM,SYS,0,0,7,100
2026-07-17T10:17:16,SYSTEM,SYS,0,0,8,8153
2026-07-17T10:17:16,SYSTEM,SYS,0,0,12,31
2026-07-17T10:17:36,SENSOR_HR,SYS,0,0,292,60
2026-07-17T10:17:36,SENSOR_HR,SYS,1,0,24,354
2026-07-17T10:17:36,SENSOR_HR,SYS,2,0,2,0
2026-07-17T10:18:06,SENSOR_HR,SYS,0,0,291,61
2026-07-17T10:18:06,SENSOR_HR,SYS,1,0,15,338
2026-07-17T10:18:06,SENSOR_HR,SYS,2,0,2,0
2026-07-17T10:18:16,SYSTEM,SYS,0,0,7,100
2026-07-17T10:18:16,SYSTEM,SYS,0,0,8,8153
2026-07-17T10:18:16,SYSTEM,SYS,0,0,12,31
2026-07-17T10:18:37,SENSOR_HR,SYS,0,0,291,62
2026-07-17T10:18:37,SENSOR_HR,SYS,1,0,22,9
2026-07-17T10:18:37,SENSOR_HR,SYS,2,0,2,0
2026-07-17T10:18:56,SYSTEM,WEB,0,0,1,0
2026-07-17T10:19:07,SENSOR_HR,SYS,0,0,292,64
2026-07-17T10:19:07,SENSOR_HR,SYS,1,0,19,349
2026-07-17T10:19:07,SENSOR_HR,SYS,2,0,2,0
2026-07-17T10:19:16,SYSTEM,SYS,0,0,7,100
2026-07-17T10:19:16,SYSTEM,SYS,0,0,8,8153
2026-07-17T10:19:16,SYSTEM,SYS,0,0,12,31
2026-07-17T10:19:37,SENSOR_HR,SYS,0,0,291,64
2026-07-17T10:19:37,SENSOR_HR,SYS,1,0,24,333
2026-07-17T10:19:37,SENSOR_HR,SYS,2,0,2,0
2026-07-17T10:20:07,SENSOR_HR,SYS,0,0,292,63
2026-07-17T10:20:07,SENSOR_HR,SYS,1,0,23,13
2026-07-17T10:20:07,SENSOR_HR,SYS,2,0,2,0
2026-07-17T10:20:16,SYSTEM,SYS,0,0,7,100
2026-07-17T10:20:16,SYSTEM,SYS,0,0,8,8153
2026-07-17T10:20:16,SYSTEM,SYS,0,0,12,31
2026-07-17T10:20:37,SENSOR_HR,SYS,0,0,292,60
2026-07-17T10:20:37,SENSOR_HR,SYS,1,0,45,353
2026-07-17T10:20:37,SENSOR_HR,SYS,2,0,2,0
2026-07-17T10:20:56,SYSTEM,WEB,0,0,1,0
2026-07-17T10:21:07,SENSOR_HR,SYS,0,0,293,61
2026-07-17T10:21:07,SENSOR_HR,SYS,1,0,32,348
2026-07-17T10:21:07,SENSOR_HR,SYS,2,0,2,0
2026-07-17T10:21:16,SYSTEM,SYS,0,0,7,100
2026-07-17T10:21:16,SYSTEM,SYS,0,0,8,8153
2026-07-17T10:21:16,SYSTEM,SYS,0,0,12,31
2026-07-17T10:21:38,SENSOR_HR,SYS,0,0,292,61
2026-07-17T10:21:38,SENSOR_HR,SYS,1,0,34,339
2026-07-17T10:21:38,SENSOR_HR,SYS,2,0,2,0
2026-07-17T10:22:08,SENSOR_HR,SYS,0,0,292,62
2026-07-17T10:22:08,SENSOR_HR,SYS,1,0,26,351
2026-07-17T10:22:08,SENSOR_HR,SYS,2,0,2,0
2026-07-17T10:22:16,SYSTEM,SYS,0,0,7,100
2026-07-17T10:22:16,SYSTEM,SYS,0,0,8,8153
2026-07-17T10:22:16,SYSTEM,SYS,0,0,12,31
2026-07-17T10:22:38,SENSOR_HR,SYS,0,0,293,58
2026-07-17T10:22:38,SENSOR_HR,SYS,1,0,37,322
2026-07-17T10:22:38,SENSOR_HR,SYS,2,0,2,0
2026-07-17T10:22:57,SYSTEM,WEB,0,0,1,0
2026-07-17T10:23:08,SENSOR_HR,SYS,0,0,293,60
2026-07-17T10:23:08,SENSOR_HR,SYS,1,0,23,323
2026-07-17T10:23:08,SENSOR_HR,SYS,2,0,2,0
2026-07-17T10:23:16,SYSTEM,SYS,0,0,7,100
2026-07-17T10:23:16,SYSTEM,SYS,0,0,8,8153
2026-07-17T10:23:16,SYSTEM,SYS,0,0,12,31
2026-07-17T10:23:38,SENSOR_HR,SYS,0,0,293,59
2026-07-17T10:23:38,SENSOR_HR,SYS,1,0,30,329
2026-07-17T10:23:38,SENSOR_HR,SYS,2,0,2,0
2026-07-17T10:24:08,SENSOR_HR,SYS,0,0,293,61
2026-07-17T10:24:08,SENSOR_HR,SYS,1,0,31,328
2026-07-17T10:24:08,SENSOR_HR,SYS,2,0,2,0
2026-07-17T10:24:16,SYSTEM,SYS,0,0,7,100
2026-07-17T10:24:16,SYSTEM,SYS,0,0,8,8153
2026-07-17T10:24:16,SYSTEM,SYS,0,0,12,31
2026-07-17T10:24:38,SENSOR_HR,SYS,0,0,294,61
2026-07-17T10:24:38,SENSOR_HR,SYS,1,0,30,320
2026-07-17T10:24:38,SENSOR_HR,SYS,2,0,2,0
2026-07-17T10:24:59,SYSTEM,WEB,0,0,1,0
2026-07-17T10:25:09,SENSOR_HR,SYS,0,0,294,61
2026-07-17T10:25:09,SENSOR_HR,SYS,1,0,25,329
2026-07-17T10:25:09,SENSOR_HR,SYS,2,0,2,0
2026-07-17T10:25:16,SYSTEM,SYS,0,0,7,100
2026-07-17T10:25:16,SYSTEM,SYS,0,0,8,8153
2026-07-17T10:25:16,SYSTEM,SYS,0,0,12,31
2026-07-17T10:25:39,SENSOR_HR,SYS,0,0,295,60
2026-07-17T10:25:39,SENSOR_HR,SYS,1,0,8,343
2026-07-17T10:25:39,SENSOR_HR,SYS,2,0,2,0
2026-07-17T10:26:09,SENSOR_HR,SYS,0,0,294,61
2026-07-17T10:26:09,SENSOR_HR,SYS,1,0,24,347
2026-07-17T10:26:09,SENSOR_HR,SYS,2,0,2,0
2026-07-17T10:26:16,SYSTEM,SYS,0,0,7,100
2026-07-17T10:26:16,SYSTEM,SYS,0,0,8,8153
2026-07-17T10:26:16,SYSTEM,SYS,0,0,12,31
2026-07-17T10:26:39,SENSOR_HR,SYS,0,0,295,62
2026-07-17T10:26:39,SENSOR_HR,SYS,1,0,28,321
2026-07-17T10:26:39,SENSOR_HR,SYS,2,0,2,0
2026-07-17T10:27:00,SYSTEM,WEB,0,0,1,0
2026-07-17T10:27:09,SENSOR_HR,SYS,0,0,294,61
2026-07-17T10:27:09,SENSOR_HR,SYS,1,0,30,347
2026-07-17T10:27:09,SENSOR_HR,SYS,2,0,2,0
2026-07-17T10:27:16,SYSTEM,SYS,0,0,7,100
2026-07-17T10:27:16,SYSTEM,SYS,0,0,8,8153
2026-07-17T10:27:16,SYSTEM,SYS,0,0,12,31
2026-07-17T10:27:39,SENSOR_HR,SYS,0,0,295,59
2026-07-17T10:27:39,SENSOR_HR,SYS,1,0,42,328
2026-07-17T10:27:39,SENSOR_HR,SYS,2,0,2,0
2026-07-17T10:28:10,SENSOR_HR,SYS,0,0,295,60
2026-07-17T10:28:10,SENSOR_HR,SYS,1,0,34,335
2026-07-17T10:28:10,SENSOR_HR,SYS,2,0,2,0
2026-07-17T10:28:16,SYSTEM,SYS,0,0,7,100
2026-07-17T10:28:16,SYSTEM,SYS,0,0,8,8153
2026-07-17T10:28:16,SYSTEM,SYS,0,0,12,31
2026-07-17T10:28:40,SENSOR_HR,SYS,0,0,295,57
2026-07-17T10:28:40,SENSOR_HR,SYS,1,0,27,349
2026-07-17T10:28:40,SENSOR_HR,SYS,2,0,2,0
2026-07-17T10:29:00,SYSTEM,WEB,0,0,1,0
2026-07-17T10:29:10,SENSOR_HR,SYS,0,0,294,58
2026-07-17T10:29:10,SENSOR_HR,SYS,1,0,25,341
2026-07-17T10:29:10,SENSOR_HR,SYS,2,0,2,0
2026-07-17T10:29:16,SYSTEM,SYS,0,0,7,100
2026-07-17T10:29:16,SYSTEM,SYS,0,0,8,8153
2026-07-17T10:29:16,SYSTEM,SYS,0,0,12,31
2026-07-17T10:29:40,SENSOR_HR,SYS,0,0,293,58
2026-07-17T10:29:40,SENSOR_HR,SYS,1,0,35,343
2026-07-17T10:29:40,SENSOR_HR,SYS,2,0,2,0
2026-07-17T10:30:10,SENSOR_HR,SYS,0,0,293,59
2026-07-17T10:30:10,SENSOR_HR,SYS,1,0,37,341
2026-07-17T10:30:10,SENSOR_HR,SYS,2,0,2,0
2026-07-17T10:30:16,SYSTEM,SYS,0,0,7,100
2026-07-17T10:30:16,SYSTEM,SYS,0,0,8,8153
2026-07-17T10:30:16,SYSTEM,SYS,0,0,12,31
2026-07-17T10:30:40,SENSOR_HR,SYS,0,0,292,59
2026-07-17T10:30:40,SENSOR_HR,SYS,1,0,37,327
2026-07-17T10:30:40,SENSOR_HR,SYS,2,0,2,0
2026-07-17T10:30:59,SYSTEM,WEB,0,0,1,0
2026-07-17T10:31:11,SENSOR_HR,SYS,0,0,292,57
2026-07-17T10:31:11,SENSOR_HR,SYS,1,0,31,353
2026-07-17T10:31:11,SENSOR_HR,SYS,2,0,2,0
2026-07-17T10:31:16,SYSTEM,SYS,0,0,7,100
2026-07-17T10:31:16,SYSTEM,SYS,0,0,8,8153
2026-07-17T10:31:16,SYSTEM,SYS,0,0,12,31
2026-07-17T10:31:41,SENSOR_HR,SYS,0,0,292,56
2026-07-17T10:31:41,SENSOR_HR,SYS,1,0,26,328
2026-07-17T10:31:41,SENSOR_HR,SYS,2,0,2,0
2026-07-17T10:32:11,SENSOR_HR,SYS,0,0,291,57
2026-07-17T10:32:11,SENSOR_HR,SYS,1,0,30,341
2026-07-17T10:32:11,SENSOR_HR,SYS,2,0,2,0
2026-07-17T10:32:16,SYSTEM,SYS,0,0,7,100
2026-07-17T10:32:16,SYSTEM,SYS,0,0,8,8153
2026-07-17T10:32:16,SYSTEM,SYS,0,0,12,31
2026-07-17T10:32:41,SENSOR_HR,SYS,0,0,291,59
2026-07-17T10:32:41,SENSOR_HR,SYS,1,0,27,352
2026-07-17T10:32:41,SENSOR_HR,SYS,2,0,2,0
2026-07-17T10:32:59,SYSTEM,WEB,0,0,1,0
2026-07-17T10:33:11,SENSOR_HR,SYS,0,0,290,56
2026-07-17T10:33:11,SENSOR_HR,SYS,1,0,25,359
2026-07-17T10:33:11,SENSOR_HR,SYS,2,0,2,0
2026-07-17T10:33:16,SYSTEM,SYS,0,0,7,96
2026-07-17T10:33:16,SYSTEM,SYS,0,0,8,8153
2026-07-17T10:33:16,SYSTEM,SYS,0,0,12,31
2026-07-17T10:33:41,SENSOR_HR,SYS,0,0,292,59
2026-07-17T10:33:41,SENSOR_HR,SYS,1,0,27,350
2026-07-17T10:33:41,SENSOR_HR,SYS,2,0,2,0
2026-07-17T10:34:12,SENSOR_HR,SYS,0,0,292,61
2026-07-17T10:34:12,SENSOR_HR,SYS,1,0,35,329
2026-07-17T10:34:12,SENSOR_HR,SYS,2,0,2,0
2026-07-17T10:34:16,SYSTEM,SYS,0,0,7,96
2026-07-17T10:34:16,SYSTEM,SYS,0,0,8,8153
2026-07-17T10:34:16,SYSTEM,SYS,0,0,12,31
2026-07-17T10:34:42,SENSOR_HR,SYS,0,0,292,60
2026-07-17T10:34:42,SENSOR_HR,SYS,1,0,34,327
2026-07-17T10:34:42,SENSOR_HR,SYS,2,0,2,0
2026-07-17T10:34:59,SYSTEM,WEB,0,0,1,0
2026-07-17T10:35:12,SENSOR_HR,SYS,0,0,292,56
2026-07-17T10:35:12,SENSOR_HR,SYS,1,0,23,345
2026-07-17T10:35:12,SENSOR_HR,SYS,2,0,2,0
2026-07-17T10:35:16,SYSTEM,SYS,0,0,7,96
2026-07-17T10:35:16,SYSTEM,SYS,0,0,8,8153
2026-07-17T10:35:16,SYSTEM,SYS,0,0,12,31
2026-07-17T10:35:42,SENSOR_HR,SYS,0,0,292,59
2026-07-17T10:35:42,SENSOR_HR,SYS,1,0,27,344
2026-07-17T10:35:42,SENSOR_HR,SYS,2,0,2,0
2026-07-17T10:36:12,SENSOR_HR,SYS,0,0,292,58
2026-07-17T10:36:12,SENSOR_HR,SYS,1,0,29,354
2026-07-17T10:36:12,SENSOR_HR,SYS,2,0,2,0
2026-07-17T10:36:16,SYSTEM,SYS,0,0,7,96
2026-07-17T10:36:16,SYSTEM,SYS,0,0,8,8153
2026-07-17T10:36:16,SYSTEM,SYS,0,0,12,31
2026-07-17T10:36:42,SENSOR_HR,SYS,0,0,292,60
2026-07-17T10:36:42,SENSOR_HR,SYS,1,0,25,342
2026-07-17T10:36:42,SENSOR_HR,SYS,2,0,2,0
2026-07-17T10:36:59,SYSTEM,WEB,0,0,1,0
2026-07-17T10:37:13,SENSOR_HR,SYS,0,0,292,61
2026-07-17T10:37:13,SENSOR_HR,SYS,1,0,33,320
2026-07-17T10:37:13,SENSOR_HR,SYS,2,0,2,0
2026-07-17T10:37:16,SYSTEM,SYS,0,0,7,97
2026-07-17T10:37:16,SYSTEM,SYS,0,0,8,8153
2026-07-17T10:37:16,SYSTEM,SYS,0,0,12,31
2026-07-17T10:37:43,SENSOR_HR,SYS,0,0,293,63
2026-07-17T10:37:43,SENSOR_HR,SYS,1,0,27,340
2026-07-17T10:37:43,SENSOR_HR,SYS,2,0,2,0
2026-07-17T10:38:13,SENSOR_HR,SYS,0,0,293,62
2026-07-17T10:38:13,SENSOR_HR,SYS,1,0,35,319
2026-07-17T10:38:13,SENSOR_HR,SYS,2,0,2,0
2026-07-17T10:38:16,SYSTEM,SYS,0,0,7,97
2026-07-17T10:38:16,SYSTEM,SYS,0,0,8,8153
2026-07-17T10:38:16,SYSTEM,SYS,0,0,12,31
2026-07-17T10:38:43,SENSOR_HR,SYS,0,0,294,62
2026-07-17T10:38:43,SENSOR_HR,SYS,1,0,27,331
2026-07-17T10:38:43,SENSOR_HR,SYS,2,0,2,0
2026-07-17T10:39:00,SYSTEM,WEB,0,0,1,0
2026-07-17T10:39:13,SENSOR_HR,SYS,0,0,293,59
2026-07-17T10:39:13,SENSOR_HR,SYS,1,0,25,353
2026-07-17T10:39:13,SENSOR_HR,SYS,2,0,2,0
2026-07-17T10:39:16,SYSTEM,SYS,0,0,7,97
2026-07-17T10:39:16,SYSTEM,SYS,0,0,8,8153
2026-07-17T10:39:16,SYSTEM,SYS,0,0,12,31
2026-07-17T10:39:43,SENSOR_HR,SYS,0,0,294,56
2026-07-17T10:39:43,SENSOR_HR,SYS,1,0,24,349
2026-07-17T10:39:43,SENSOR_HR,SYS,2,0,2,0
2026-07-17T10:40:14,SENSOR_HR,SYS,0,0,294,56
2026-07-17T10:40:14,SENSOR_HR,SYS,1,0,28,341
2026-07-17T10:40:14,SENSOR_HR,SYS,2,0,2,0
2026-07-17T10:40:16,SYSTEM,SYS,0,0,7,97
2026-07-17T10:40:16,SYSTEM,SYS,0,0,8,8153
2026-07-17T10:40:16,SYSTEM,SYS,0,0,12,31
2026-07-17T10:40:44,SENSOR_HR,SYS,0,0,294,58
2026-07-17T10:40:44,SENSOR_HR,SYS,1,0,19,351
2026-07-17T10:40:44,SENSOR_HR,SYS,2,0,2,0
2026-07-17T10:41:00,SYSTEM,WEB,0,0,1,0
2026-07-17T10:41:14,SENSOR_HR,SYS,0,0,294,62
2026-07-17T10:41:14,SENSOR_HR,SYS,1,0,32,20
2026-07-17T10:41:14,SENSOR_HR,SYS,2,0,2,0
2026-07-17T10:41:16,SYSTEM,SYS,0,0,7,97
2026-07-17T10:41:16,SYSTEM,SYS,0,0,8,8153
2026-07-17T10:41:16,SYSTEM,SYS,0,0,12,31
2026-07-17T10:41:44,SENSOR_HR,SYS,0,0,294,60
2026-07-17T10:41:44,SENSOR_HR,SYS,1,0,17,339
2026-07-17T10:41:44,SENSOR_HR,SYS,2,0,2,0
2026-07-17T10:42:14,SENSOR_HR,SYS,0,0,294,59
2026-07-17T10:42:14,SENSOR_HR,SYS,1,0,12,310
2026-07-17T10:42:14,SENSOR_HR,SYS,2,0,2,0
2026-07-17T10:42:16,SYSTEM,SYS,0,0,7,97
2026-07-17T10:42:16,SYSTEM,SYS,0,0,8,8153
2026-07-17T10:42:16,SYSTEM,SYS,0,0,12,31
2026-07-17T10:42:44,SENSOR_HR,SYS,0,0,294,59
2026-07-17T10:42:44,SENSOR_HR,SYS,1,0,28,324
2026-07-17T10:42:44,SENSOR_HR,SYS,2,0,2,0
2026-07-17T10:43:01,SYSTEM,WEB,0,0,1,0
2026-07-17T10:43:15,SENSOR_HR,SYS,0,0,295,57
2026-07-17T10:43:15,SENSOR_HR,SYS,1,0,24,333
2026-07-17T10:43:15,SENSOR_HR,SYS,2,0,2,0
2026-07-17T10:43:16,SYSTEM,SYS,0,0,7,97
2026-07-17T10:43:16,SYSTEM,SYS,0,0,8,8153
2026-07-17T10:43:16,SYSTEM,SYS,0,0,12,31
2026-07-17T10:43:45,SENSOR_HR,SYS,0,0,296,62
2026-07-17T10:43:45,SENSOR_HR,SYS,1,0,25,330
2026-07-17T10:43:45,SENSOR_HR,SYS,2,0,2,0
2026-07-17T10:44:15,SENSOR_HR,SYS,0,0,298,63
2026-07-17T10:44:15,SENSOR_HR,SYS,1,0,28,343
2026-07-17T10:44:15,SENSOR_HR,SYS,2,0,2,0
2026-07-17T10:44:16,SYSTEM,SYS,0,0,7,97
2026-07-17T10:44:16,SYSTEM,SYS,0,0,8,8153
2026-07-17T10:44:16,SYSTEM,SYS,0,0,12,31
2026-07-17T10:44:45,SENSOR_HR,SYS,0,0,299,63
2026-07-17T10:44:45,SENSOR_HR,SYS,1,0,22,344
2026-07-17T10:44:45,SENSOR_HR,SYS,2,0,2,0
2026-07-17T10:45:07,SYSTEM,WEB,0,0,1,0
2026-07-17T10:45:15,SENSOR_HR,SYS,0,0,300,62
2026-07-17T10:45:15,SENSOR_HR,SYS,1,0,26,322
2026-07-17T10:45:15,SENSOR_HR,SYS,2,0,2,0
2026-07-17T10:45:05,MODE,SYS,0,0,2,767
2026-07-17T10:45:15,RELAY,SYS,2,0,2,0
2026-07-17T10:45:16,SYSTEM,SYS,0,0,7,97
2026-07-17T10:45:16,SYSTEM,SYS,0,0,8,8153
2026-07-17T10:45:16,SYSTEM,SYS,0,0,12,31
2026-07-17T10:45:41,RELAY,SYS,2,0,3,0
2026-07-17T10:45:45,SENSOR_HR,SYS,0,0,300,63
2026-07-17T10:45:45,SENSOR_HR,SYS,1,0,47,330
2026-07-17T10:45:45,SENSOR_HR,SYS,2,0,10,0
2026-07-17T10:46:16,SENSOR_HR,SYS,0,0,303,62
2026-07-17T10:46:16,SENSOR_HR,SYS,1,0,28,345
2026-07-17T10:46:16,SENSOR_HR,SYS,2,0,10,0
2026-07-17T10:46:16,SYSTEM,SYS,0,0,7,97
2026-07-17T10:46:16,SYSTEM,SYS,0,0,8,8153
2026-07-17T10:46:16,SYSTEM,SYS,0,0,12,31
2026-07-17T10:46:46,SENSOR_HR,SYS,0,0,304,63
2026-07-17T10:46:46,SENSOR_HR,SYS,1,0,32,340
2026-07-17T10:46:46,SENSOR_HR,SYS,2,0,10,0
2026-07-17T10:47:02,SYSTEM,WEB,0,0,1,0
2026-07-17T10:47:16,SENSOR_HR,SYS,0,0,306,63
2026-07-17T10:47:16,SENSOR_HR,SYS,1,0,11,347
2026-07-17T10:47:16,SENSOR_HR,SYS,2,0,10,0
2026-07-17T10:47:16,SYSTEM,SYS,0,0,7,97
2026-07-17T10:47:16,SYSTEM,SYS,0,0,8,8153
2026-07-17T10:47:16,SYSTEM,SYS,0,0,12,31
2026-07-17T10:47:46,SENSOR_HR,SYS,0,0,307,63
2026-07-17T10:47:46,SENSOR_HR,SYS,1,0,31,341
2026-07-17T10:47:46,SENSOR_HR,SYS,2,0,10,0
2026-07-17T10:48:16,SENSOR_HR,SYS,0,0,308,62
2026-07-17T10:48:16,SENSOR_HR,SYS,1,0,29,339
2026-07-17T10:48:16,SENSOR_HR,SYS,2,0,10,0
2026-07-17T10:48:16,SYSTEM,SYS,0,0,7,96
2026-07-17T10:48:16,SYSTEM,SYS,0,0,8,8153
2026-07-17T10:48:16,SYSTEM,SYS,0,0,12,31
2026-07-17T10:48:46,SENSOR_HR,SYS,0,0,310,61
2026-07-17T10:48:46,SENSOR_HR,SYS,1,0,17,329
2026-07-17T10:48:46,SENSOR_HR,SYS,2,0,10,0
2026-07-17T10:49:02,SYSTEM,WEB,0,0,1,0
2026-07-17T10:49:16,SYSTEM,SYS,0,0,7,97
2026-07-17T10:49:16,SYSTEM,SYS,0,0,8,8153
2026-07-17T10:49:16,SYSTEM,SYS,0,0,12,31
2026-07-17T10:49:17,SENSOR_HR,SYS,0,0,311,60
2026-07-17T10:49:17,SENSOR_HR,SYS,1,0,5,278
2026-07-17T10:49:17,SENSOR_HR,SYS,2,0,10,0
2026-07-17T10:49:47,SENSOR_HR,SYS,0,0,312,60
2026-07-17T10:49:47,SENSOR_HR,SYS,1,0,13,274
2026-07-17T10:49:47,SENSOR_HR,SYS,2,0,10,0
2026-07-17T10:50:16,SYSTEM,SYS,0,0,7,97
2026-07-17T10:50:16,SYSTEM,SYS,0,0,8,8153
2026-07-17T10:50:16,SYSTEM,SYS,0,0,12,31
2026-07-17T10:50:17,SENSOR_HR,SYS,0,0,313,61
2026-07-17T10:50:17,SENSOR_HR,SYS,1,0,17,262
2026-07-17T10:50:17,SENSOR_HR,SYS,2,0,10,0
2026-07-17T10:49:57,MODE,SYS,0,0,3,1023
2026-07-17T10:50:17,RELAY,SYS,3,0,2,0
2026-07-17T10:50:47,SENSOR_HR,SYS,0,0,314,58
2026-07-17T10:50:47,SENSOR_HR,SYS,1,0,8,282
2026-07-17T10:50:47,SENSOR_HR,SYS,2,0,26,0
2026-07-17T10:51:03,SYSTEM,WEB,0,0,1,0
2026-07-17T10:51:16,SYSTEM,SYS,0,0,7,97
2026-07-17T10:51:16,SYSTEM,SYS,0,0,8,8153
2026-07-17T10:51:16,SYSTEM,SYS,0,0,12,31
2026-07-17T10:51:17,SENSOR_HR,SYS,0,0,314,56
2026-07-17T10:51:17,SENSOR_HR,SYS,1,0,5,259
2026-07-17T10:51:17,SENSOR_HR,SYS,2,0,26,0
2026-07-17T10:51:47,SENSOR_HR,SYS,0,0,315,56
2026-07-17T10:51:47,SENSOR_HR,SYS,1,0,10,347
2026-07-17T10:51:47,SENSOR_HR,SYS,2,0,26,0
2026-07-17T10:52:16,SYSTEM,SYS,0,0,7,97
2026-07-17T10:52:16,SYSTEM,SYS,0,0,8,8153
2026-07-17T10:52:16,SYSTEM,SYS,0,0,12,31
2026-07-17T10:52:18,SENSOR_HR,SYS,0,0,316,52
2026-07-17T10:52:18,SENSOR_HR,SYS,1,0,7,315
2026-07-17T10:52:18,SENSOR_HR,SYS,2,0,26,0
2026-07-17T10:52:48,SENSOR_HR,SYS,0,0,316,51
2026-07-17T10:52:48,SENSOR_HR,SYS,1,0,4,301
2026-07-17T10:52:48,SENSOR_HR,SYS,2,0,26,0
2026-07-17T10:53:03,SYSTEM,WEB,0,0,1,0
2026-07-17T10:53:13,RELAY,SYS,3,0,3,0
2026-07-17T10:53:16,SYSTEM,SYS,0,0,7,97
2026-07-17T10:53:16,SYSTEM,SYS,0,0,8,8153
2026-07-17T10:53:16,SYSTEM,SYS,0,0,12,31
2026-07-17T10:53:18,SENSOR_HR,SYS,0,0,315,50
2026-07-17T10:53:18,SENSOR_HR,SYS,1,0,13,326
2026-07-17T10:53:18,SENSOR_HR,SYS,2,0,42,0
2026-07-17T10:53:48,SENSOR_HR,SYS,0,0,315,48
2026-07-17T10:53:48,SENSOR_HR,SYS,1,0,12,294
2026-07-17T10:53:48,SENSOR_HR,SYS,2,0,42,0
2026-07-17T10:54:16,SYSTEM,SYS,0,0,7,97
2026-07-17T10:54:16,SYSTEM,SYS,0,0,8,8153
2026-07-17T10:54:16,SYSTEM,SYS,0,0,12,31
2026-07-17T10:54:18,SENSOR_HR,SYS,0,0,315,47
2026-07-17T10:54:18,SENSOR_HR,SYS,1,0,29,323
2026-07-17T10:54:18,SENSOR_HR,SYS,2,0,42,0
2026-07-17T10:54:48,SENSOR_HR,SYS,0,0,314,46
2026-07-17T10:54:48,SENSOR_HR,SYS,1,0,33,341
2026-07-17T10:54:48,SENSOR_HR,SYS,2,0,42,0
2026-07-17T10:55:03,SYSTEM,WEB,0,0,1,0
2026-07-17T10:55:16,SYSTEM,SYS,0,0,7,97
2026-07-17T10:55:16,SYSTEM,SYS,0,0,8,8153
2026-07-17T10:55:16,SYSTEM,SYS,0,0,12,31
2026-07-17T10:55:18,SENSOR_HR,SYS,0,0,313,45
2026-07-17T10:55:18,SENSOR_HR,SYS,1,0,42,332
2026-07-17T10:55:18,SENSOR_HR,SYS,2,0,42,0
2026-07-17T10:55:49,SENSOR_HR,SYS,0,0,312,43
2026-07-17T10:55:49,SENSOR_HR,SYS,1,0,31,326
2026-07-17T10:55:49,SENSOR_HR,SYS,2,0,42,0
2026-07-17T10:56:16,SYSTEM,SYS,0,0,7,97
2026-07-17T10:56:16,SYSTEM,SYS,0,0,8,8153
2026-07-17T10:56:16,SYSTEM,SYS,0,0,12,31
2026-07-17T10:56:19,SENSOR_HR,SYS,0,0,312,44
2026-07-17T10:56:19,SENSOR_HR,SYS,1,0,21,328
2026-07-17T10:56:19,SENSOR_HR,SYS,2,0,42,0
2026-07-17T10:56:49,SENSOR_HR,SYS,0,0,310,47
2026-07-17T10:56:49,SENSOR_HR,SYS,1,0,28,328
2026-07-17T10:56:49,SENSOR_HR,SYS,2,0,42,0
2026-07-17T10:57:03,SYSTEM,WEB,0,0,1,0
2026-07-17T10:57:16,SYSTEM,SYS,0,0,7,97
2026-07-17T10:57:16,SYSTEM,SYS,0,0,8,8153
2026-07-17T10:57:16,SYSTEM,SYS,0,0,12,31
2026-07-17T10:57:19,SENSOR_HR,SYS,0,0,311,46
2026-07-17T10:57:19,SENSOR_HR,SYS,1,0,14,342
2026-07-17T10:57:19,SENSOR_HR,SYS,2,0,42,0
2026-07-17T10:57:49,SENSOR_HR,SYS,0,0,309,45
2026-07-17T10:57:49,SENSOR_HR,SYS,1,0,23,349
2026-07-17T10:57:49,SENSOR_HR,SYS,2,0,42,0
2026-07-17T10:58:16,SYSTEM,SYS,0,0,7,97
2026-07-17T10:58:16,SYSTEM,SYS,0,0,8,8153
2026-07-17T10:58:16,SYSTEM,SYS,0,0,12,31
2026-07-17T10:58:19,SENSOR_HR,SYS,0,0,309,46
2026-07-17T10:58:19,SENSOR_HR,SYS,1,0,23,325
2026-07-17T10:58:19,SENSOR_HR,SYS,2,0,42,0
2026-07-17T10:58:50,SENSOR_HR,SYS,0,0,309,46
2026-07-17T10:58:50,SENSOR_HR,SYS,1,0,12,323
2026-07-17T10:58:50,SENSOR_HR,SYS,2,0,42,0
2026-07-17T10:59:03,SYSTEM,WEB,0,0,1,0
2026-07-17T10:59:16,SYSTEM,SYS,0,0,7,97
2026-07-17T10:59:16,SYSTEM,SYS,0,0,8,8153
2026-07-17T10:59:16,SYSTEM,SYS,0,0,12,31
2026-07-17T10:59:20,SENSOR_HR,SYS,0,0,308,48
2026-07-17T10:59:20,SENSOR_HR,SYS,1,0,25,351
2026-07-17T10:59:20,SENSOR_HR,SYS,2,0,42,0
2026-07-17T10:59:50,SENSOR_HR,SYS,0,0,308,47
2026-07-17T10:59:50,SENSOR_HR,SYS,1,0,38,330
2026-07-17T10:59:50,SENSOR_HR,SYS,2,0,42,0
2026-07-17T11:00:16,SYSTEM,SYS,0,0,7,97
2026-07-17T11:00:16,SYSTEM,SYS,0,0,8,8153
2026-07-17T11:00:16,SYSTEM,SYS,0,0,12,31
2026-07-17T11:00:20,SENSOR_HR,SYS,0,0,308,45
2026-07-17T11:00:20,SENSOR_HR,SYS,1,0,33,353
2026-07-17T11:00:20,SENSOR_HR,SYS,2,0,42,0
2026-07-17T11:00:50,SENSOR_HR,SYS,0,0,308,46
2026-07-17T11:00:50,SENSOR_HR,SYS,1,0,9,314
2026-07-17T11:00:50,SENSOR_HR,SYS,2,0,42,0
2026-07-17T11:01:03,SYSTEM,WEB,0,0,1,0
2026-07-17T11:01:16,SYSTEM,SYS,0,0,7,97
2026-07-17T11:01:16,SYSTEM,SYS,0,0,8,8153
2026-07-17T11:01:16,SYSTEM,SYS,0,0,12,31
2026-07-17T11:01:20,SENSOR_HR,SYS,0,0,306,48
2026-07-17T11:01:20,SENSOR_HR,SYS,1,0,15,280
2026-07-17T11:01:20,SENSOR_HR,SYS,2,0,42,0
2026-07-17T11:01:51,SENSOR_HR,SYS,0,0,307,49
2026-07-17T11:01:51,SENSOR_HR,SYS,1,0,8,281
2026-07-17T11:01:51,SENSOR_HR,SYS,2,0,42,0
2026-07-17T11:02:16,SYSTEM,SYS,0,0,7,97
2026-07-17T11:02:16,SYSTEM,SYS,0,0,8,8153
2026-07-17T11:02:16,SYSTEM,SYS,0,0,12,31
2026-07-17T11:02:21,SENSOR_HR,SYS,0,0,306,48
2026-07-17T11:02:21,SENSOR_HR,SYS,1,0,6,316
2026-07-17T11:02:21,SENSOR_HR,SYS,2,0,42,0
2026-07-17T11:02:51,SENSOR_HR,SYS,0,0,305,49
2026-07-17T11:02:51,SENSOR_HR,SYS,1,0,18,267
2026-07-17T11:02:51,SENSOR_HR,SYS,2,0,42,0
2026-07-17T11:03:04,SYSTEM,WEB,0,0,1,0
2026-07-17T11:03:16,SYSTEM,SYS,0,0,7,97
2026-07-17T11:03:16,SYSTEM,SYS,0,0,8,8153
2026-07-17T11:03:16,SYSTEM,SYS,0,0,12,31
2026-07-17T11:03:21,SENSOR_HR,SYS,0,0,304,47
2026-07-17T11:03:21,SENSOR_HR,SYS,1,0,19,253
2026-07-17T11:03:21,SENSOR_HR,SYS,2,0,42,0
2026-07-17T11:03:51,SENSOR_HR,SYS,0,0,304,47
2026-07-17T11:03:51,SENSOR_HR,SYS,1,0,16,255
2026-07-17T11:03:51,SENSOR_HR,SYS,2,0,42,0
2026-07-17T11:04:16,SYSTEM,SYS,0,0,7,97
2026-07-17T11:04:16,SYSTEM,SYS,0,0,8,8153
2026-07-17T11:04:16,SYSTEM,SYS,0,0,12,31
2026-07-17T11:04:21,SENSOR_HR,SYS,0,0,303,48
2026-07-17T11:04:21,SENSOR_HR,SYS,1,0,11,350
2026-07-17T11:04:21,SENSOR_HR,SYS,2,0,42,0
2026-07-17T11:04:52,SENSOR_HR,SYS,0,0,303,47
2026-07-17T11:04:52,SENSOR_HR,SYS,1,0,11,327
2026-07-17T11:04:52,SENSOR_HR,SYS,2,0,42,0
2026-07-17T11:05:05,SYSTEM,WEB,0,0,1,0
2026-07-17T11:05:16,SYSTEM,SYS,0,0,7,97
2026-07-17T11:05:16,SYSTEM,SYS,0,0,8,8153
2026-07-17T11:05:16,SYSTEM,SYS,0,0,12,31
2026-07-17T11:05:22,SENSOR_HR,SYS,0,0,303,48
2026-07-17T11:05:22,SENSOR_HR,SYS,1,0,18,327
2026-07-17T11:05:22,SENSOR_HR,SYS,2,0,42,0
2026-07-17T11:05:52,SENSOR_HR,SYS,0,0,302,49
2026-07-17T11:05:52,SENSOR_HR,SYS,1,0,14,295
2026-07-17T11:05:52,SENSOR_HR,SYS,2,0,42,0
2026-07-17T11:05:31,MODE,SYS,0,0,2,512
2026-07-17T11:06:16,SYSTEM,SYS,0,0,7,97
2026-07-17T11:06:16,SYSTEM,SYS,0,0,8,8153
2026-07-17T11:06:16,SYSTEM,SYS,0,0,12,31
2026-07-17T11:06:22,SENSOR_HR,SYS,0,0,300,51
2026-07-17T11:06:22,SENSOR_HR,SYS,1,0,5,343
2026-07-17T11:06:22,SENSOR_HR,SYS,2,0,42,0
2026-07-17T11:06:52,SENSOR_HR,SYS,0,0,299,50
2026-07-17T11:06:52,SENSOR_HR,SYS,1,0,17,324
2026-07-17T11:06:52,SENSOR_HR,SYS,2,0,42,0
2026-07-17T11:07:05,SYSTEM,WEB,0,0,1,0
2026-07-17T11:07:16,SYSTEM,SYS,0,0,7,97
2026-07-17T11:07:16,SYSTEM,SYS,0,0,8,8153
2026-07-17T11:07:16,SYSTEM,SYS,0,0,12,31
2026-07-17T11:07:22,SENSOR_HR,SYS,0,0,298,50
2026-07-17T11:07:22,SENSOR_HR,SYS,1,0,11,270
2026-07-17T11:07:22,SENSOR_HR,SYS,2,0,42,0
2026-07-17T11:07:53,SENSOR_HR,SYS,0,0,297,50
2026-07-17T11:07:53,SENSOR_HR,SYS,1,0,15,315
2026-07-17T11:07:53,SENSOR_HR,SYS,2,0,42,0
2026-07-17T11:08:16,SYSTEM,SYS,0,0,7,97
2026-07-17T11:08:16,SYSTEM,SYS,0,0,8,8153
2026-07-17T11:08:16,SYSTEM,SYS,0,0,12,31
2026-07-17T11:08:23,SENSOR_HR,SYS,0,0,295,52
2026-07-17T11:08:23,SENSOR_HR,SYS,1,0,11,319
2026-07-17T11:08:23,SENSOR_HR,SYS,2,0,42,0
2026-07-17T11:08:53,SENSOR_HR,SYS,0,0,293,51
2026-07-17T11:08:53,SENSOR_HR,SYS,1,0,7,323
2026-07-17T11:08:53,SENSOR_HR,SYS,2,0,42,0
2026-07-17T11:09:05,SYSTEM,WEB,0,0,1,0
2026-07-17T11:09:16,SYSTEM,SYS,0,0,7,97
2026-07-17T11:09:16,SYSTEM,SYS,0,0,8,8153
2026-07-17T11:09:16,SYSTEM,SYS,0,0,12,31
2026-07-17T11:09:23,SENSOR_HR,SYS,0,0,291,50
2026-07-17T11:09:23,SENSOR_HR,SYS,1,0,2,310
2026-07-17T11:09:23,SENSOR_HR,SYS,2,0,42,0
2026-07-17T11:09:53,SENSOR_HR,SYS,0,0,290,52
2026-07-17T11:09:53,SENSOR_HR,SYS,1,0,13,330
2026-07-17T11:09:53,SENSOR_HR,SYS,2,0,42,0
2026-07-17T11:10:16,SYSTEM,SYS,0,0,7,97
2026-07-17T11:10:16,SYSTEM,SYS,0,0,8,8153
2026-07-17T11:10:16,SYSTEM,SYS,0,0,12,31
2026-07-17T11:10:23,SENSOR_HR,SYS,0,0,288,52
2026-07-17T11:10:23,SENSOR_HR,SYS,1,0,13,306
2026-07-17T11:10:23,SENSOR_HR,SYS,2,0,42,0
2026-07-17T11:10:54,SENSOR_HR,SYS,0,0,286,53
2026-07-17T11:10:54,SENSOR_HR,SYS,1,0,6,272
2026-07-17T11:10:54,SENSOR_HR,SYS,2,0,42,0
2026-07-17T11:11:06,SYSTEM,WEB,0,0,1,0
2026-07-17T11:11:16,SYSTEM,SYS,0,0,7,96
2026-07-17T11:11:16,SYSTEM,SYS,0,0,8,8153
2026-07-17T11:11:16,SYSTEM,SYS,0,0,12,31
2026-07-17T11:11:24,SENSOR_HR,SYS,0,0,285,54
2026-07-17T11:11:24,SENSOR_HR,SYS,1,0,6,285
2026-07-17T11:11:24,SENSOR_HR,SYS,2,0,42,0
2026-07-17T11:11:24,RELAY,SYS,2,0,4,0
2026-07-17T11:11:22,MODE,SYS,0,0,1,256
2026-07-17T11:11:50,RELAY,SYS,2,0,1,0
2026-07-17T11:11:54,SENSOR_HR,SYS,0,0,283,56
2026-07-17T11:11:54,SENSOR_HR,SYS,1,0,13,337
2026-07-17T11:11:54,SENSOR_HR,SYS,2,0,34,0
2026-07-17T11:12:16,SYSTEM,SYS,0,0,7,97
2026-07-17T11:12:16,SYSTEM,SYS,0,0,8,8153
2026-07-17T11:12:16,SYSTEM,SYS,0,0,12,31
2026-07-17T11:12:24,SENSOR_HR,SYS,0,0,284,56
2026-07-17T11:12:24,SENSOR_HR,SYS,1,0,18,323
2026-07-17T11:12:24,SENSOR_HR,SYS,2,0,34,0
2026-07-17T11:12:54,SENSOR_HR,SYS,0,0,283,56
2026-07-17T11:12:54,SENSOR_HR,SYS,1,0,10,307
2026-07-17T11:12:54,SENSOR_HR,SYS,2,0,34,0
2026-07-17T11:13:05,SYSTEM,WEB,0,0,1,0
2026-07-17T11:13:16,SYSTEM,SYS,0,0,7,97
2026-07-17T11:13:16,SYSTEM,SYS,0,0,8,8153
2026-07-17T11:13:16,SYSTEM,SYS,0,0,12,31
2026-07-17T11:13:24,SENSOR_HR,SYS,0,0,283,55
2026-07-17T11:13:24,SENSOR_HR,SYS,1,0,16,339
2026-07-17T11:13:24,SENSOR_HR,SYS,2,0,34,0
2026-07-17T11:13:55,SENSOR_HR,SYS,0,0,282,54
2026-07-17T11:13:55,SENSOR_HR,SYS,1,0,13,306
2026-07-17T11:13:55,SENSOR_HR,SYS,2,0,34,0
2026-07-17T11:14:16,SYSTEM,SYS,0,0,7,97
2026-07-17T11:14:16,SYSTEM,SYS,0,0,8,8153
2026-07-17T11:14:16,SYSTEM,SYS,0,0,12,31
2026-07-17T11:14:25,SENSOR_HR,SYS,0,0,284,57
2026-07-17T11:14:25,SENSOR_HR,SYS,1,0,28,274
2026-07-17T11:14:25,SENSOR_HR,SYS,2,0,34,0
2026-07-17T11:14:55,SENSOR_HR,SYS,0,0,285,55
2026-07-17T11:14:55,SENSOR_HR,SYS,1,0,10,289
2026-07-17T11:14:55,SENSOR_HR,SYS,2,0,34,0
2026-07-17T11:15:07,SYSTEM,WEB,0,0,1,0
2026-07-17T11:15:16,SYSTEM,SYS,0,0,7,97
2026-07-17T11:15:16,SYSTEM,SYS,0,0,8,8153
2026-07-17T11:15:16,SYSTEM,SYS,0,0,12,31
2026-07-17T11:15:25,SENSOR_HR,SYS,0,0,285,55
2026-07-17T11:15:25,SENSOR_HR,SYS,1,0,9,243
2026-07-17T11:15:25,SENSOR_HR,SYS,2,0,34,0
2026-07-17T11:15:55,SENSOR_HR,SYS,0,0,286,54
2026-07-17T11:15:55,SENSOR_HR,SYS,1,0,11,265
2026-07-17T11:15:55,SENSOR_HR,SYS,2,0,34,0
2026-07-17T11:16:16,SYSTEM,SYS,0,0,7,97
2026-07-17T11:16:16,SYSTEM,SYS,0,0,8,8153
2026-07-17T11:16:16,SYSTEM,SYS,0,0,12,31
2026-07-17T11:16:25,SENSOR_HR,SYS,0,0,288,53
2026-07-17T11:16:25,SENSOR_HR,SYS,1,0,13,353
2026-07-17T11:16:25,SENSOR_HR,SYS,2,0,34,0
2026-07-17T11:16:56,SENSOR_HR,SYS,0,0,288,55
2026-07-17T11:16:56,SENSOR_HR,SYS,1,0,18,359
2026-07-17T11:16:56,SENSOR_HR,SYS,2,0,34,0
2026-07-17T11:17:07,SYSTEM,WEB,0,0,1,0
2026-07-17T11:17:16,SYSTEM,SYS,0,0,7,97
2026-07-17T11:17:16,SYSTEM,SYS,0,0,8,8153
2026-07-17T11:17:16,SYSTEM,SYS,0,0,12,31
2026-07-17T11:17:26,SENSOR_HR,SYS,0,0,289,53
2026-07-17T11:17:26,SENSOR_HR,SYS,1,0,16,325
2026-07-17T11:17:26,SENSOR_HR,SYS,2,0,34,0
2026-07-17T11:17:56,SENSOR_HR,SYS,0,0,289,54
2026-07-17T11:17:56,SENSOR_HR,SYS,1,0,26,336
2026-07-17T11:17:56,SENSOR_HR,SYS,2,0,34,0
2026-07-17T11:18:16,SYSTEM,SYS,0,0,7,96
2026-07-17T11:18:16,SYSTEM,SYS,0,0,8,8153
2026-07-17T11:18:16,SYSTEM,SYS,0,0,12,31
2026-07-17T11:18:26,SENSOR_HR,SYS,0,0,290,54
2026-07-17T11:18:26,SENSOR_HR,SYS,1,0,15,343
2026-07-17T11:18:26,SENSOR_HR,SYS,2,0,34,0
2026-07-17T11:18:26,RELAY,SYS,3,0,4,0
2026-07-17T11:18:56,SENSOR_HR,SYS,0,0,292,53
2026-07-17T11:18:56,SENSOR_HR,SYS,1,0,9,24
2026-07-17T11:18:56,SENSOR_HR,SYS,2,0,50,0
2026-07-17T11:19:07,SYSTEM,WEB,0,0,1,0
2026-07-17T11:19:16,SYSTEM,SYS,0,0,7,97
2026-07-17T11:19:16,SYSTEM,SYS,0,0,8,8153
2026-07-17T11:19:16,SYSTEM,SYS,0,0,12,31
2026-07-17T11:19:26,SENSOR_HR,SYS,0,0,293,53
2026-07-17T11:19:26,SENSOR_HR,SYS,1,0,14,273
2026-07-17T11:19:26,SENSOR_HR,SYS,2,0,50,0
2026-07-17T11:19:57,SENSOR_HR,SYS,0,0,293,53
2026-07-17T11:19:57,SENSOR_HR,SYS,1,0,11,330
2026-07-17T11:19:57,SENSOR_HR,SYS,2,0,50,0
2026-07-17T11:20:16,SYSTEM,SYS,0,0,7,97
2026-07-17T11:20:16,SYSTEM,SYS,0,0,8,8153
2026-07-17T11:20:16,SYSTEM,SYS,0,0,12,31
2026-07-17T11:20:27,SENSOR_HR,SYS,0,0,295,53
2026-07-17T11:20:27,SENSOR_HR,SYS,1,0,1,350
2026-07-17T11:20:27,SENSOR_HR,SYS,2,0,50,0
2026-07-17T11:20:57,SENSOR_HR,SYS,0,0,296,53
2026-07-17T11:20:57,SENSOR_HR,SYS,1,0,2,350
2026-07-17T11:20:57,SENSOR_HR,SYS,2,0,50,0
2026-07-17T11:21:07,SYSTEM,WEB,0,0,1,0
2026-07-17T11:21:16,SYSTEM,SYS,0,0,7,97
2026-07-17T11:21:16,SYSTEM,SYS,0,0,8,8153
2026-07-17T11:21:16,SYSTEM,SYS,0,0,12,31
2026-07-17T11:21:22,RELAY,SYS,3,0,1,0
2026-07-17T11:21:27,SENSOR_HR,SYS,0,0,296,54
2026-07-17T11:21:27,SENSOR_HR,SYS,1,0,6,350
2026-07-17T11:21:27,SENSOR_HR,SYS,2,0,2,0
2026-07-17T11:21:57,SENSOR_HR,SYS,0,0,297,54
2026-07-17T11:21:57,SENSOR_HR,SYS,1,0,8,185
2026-07-17T11:21:57,SENSOR_HR,SYS,2,0,2,0
2026-07-17T11:22:16,SYSTEM,SYS,0,0,7,97
2026-07-17T11:22:16,SYSTEM,SYS,0,0,8,8153
2026-07-17T11:22:16,SYSTEM,SYS,0,0,12,31
2026-07-17T11:22:27,SENSOR_HR,SYS,0,0,297,57
2026-07-17T11:22:27,SENSOR_HR,SYS,1,0,4,331
2026-07-17T11:22:27,SENSOR_HR,SYS,2,0,2,0
2026-07-17T11:22:58,SENSOR_HR,SYS,0,0,297,59
2026-07-17T11:22:58,SENSOR_HR,SYS,1,0,17,328
2026-07-17T11:22:58,SENSOR_HR,SYS,2,0,2,0
2026-07-17T11:23:08,SYSTEM,WEB,0,0,1,0
2026-07-17T11:23:16,SYSTEM,SYS,0,0,7,97
2026-07-17T11:23:16,SYSTEM,SYS,0,0,8,8153
2026-07-17T11:23:16,SYSTEM,SYS,0,0,12,31
2026-07-17T11:23:28,SENSOR_HR,SYS,0,0,297,60
2026-07-17T11:23:28,SENSOR_HR,SYS,1,0,14,320
2026-07-17T11:23:28,SENSOR_HR,SYS,2,0,2,0
2026-07-17T11:23:58,SENSOR_HR,SYS,0,0,297,58
2026-07-17T11:23:58,SENSOR_HR,SYS,1,0,20,352
2026-07-17T11:23:58,SENSOR_HR,SYS,2,0,2,0
2026-07-17T11:24:16,SYSTEM,SYS,0,0,7,97
2026-07-17T11:24:16,SYSTEM,SYS,0,0,8,8153
2026-07-17T11:24:16,SYSTEM,SYS,0,0,12,31
2026-07-17T11:24:28,SENSOR_HR,SYS,0,0,297,59
2026-07-17T11:24:28,SENSOR_HR,SYS,1,0,24,343
2026-07-17T11:24:28,SENSOR_HR,SYS,2,0,2,0
2026-07-17T11:24:00,MODE,SYS,0,0,2,512
2026-07-17T11:24:28,RELAY,SYS,2,0,2,0
2026-07-17T11:24:54,RELAY,SYS,2,0,3,0
2026-07-17T11:24:58,SENSOR_HR,SYS,0,0,297,60
2026-07-17T11:24:58,SENSOR_HR,SYS,1,0,30,331
2026-07-17T11:24:58,SENSOR_HR,SYS,2,0,10,0
2026-07-17T11:25:09,SYSTEM,WEB,0,0,1,0
2026-07-17T11:25:16,SYSTEM,SYS,0,0,7,97
2026-07-17T11:25:16,SYSTEM,SYS,0,0,8,8153
2026-07-17T11:25:16,SYSTEM,SYS,0,0,12,31
2026-07-17T11:25:28,SENSOR_HR,SYS,0,0,297,60
2026-07-17T11:25:28,SENSOR_HR,SYS,1,0,20,323
2026-07-17T11:25:28,SENSOR_HR,SYS,2,0,10,0
2026-07-17T11:25:58,SENSOR_HR,SYS,0,0,297,60
2026-07-17T11:25:58,SENSOR_HR,SYS,1,0,29,335
2026-07-17T11:25:58,SENSOR_HR,SYS,2,0,10,0
2026-07-17T11:26:16,SYSTEM,SYS,0,0,7,97
2026-07-17T11:26:16,SYSTEM,SYS,0,0,8,8153
2026-07-17T11:26:16,SYSTEM,SYS,0,0,12,31
2026-07-17T11:26:29,SENSOR_HR,SYS,0,0,296,58
2026-07-17T11:26:29,SENSOR_HR,SYS,1,0,27,348
2026-07-17T11:26:29,SENSOR_HR,SYS,2,0,10,0
2026-07-17T11:26:59,SENSOR_HR,SYS,0,0,295,57
2026-07-17T11:26:59,SENSOR_HR,SYS,1,0,21,334
2026-07-17T11:26:59,SENSOR_HR,SYS,2,0,10,0
2026-07-17T11:27:09,SYSTEM,WEB,0,0,1,0
2026-07-17T11:27:16,SYSTEM,SYS,0,0,7,97
2026-07-17T11:27:16,SYSTEM,SYS,0,0,8,8153
2026-07-17T11:27:16,SYSTEM,SYS,0,0,12,31
2026-07-17T11:27:29,SENSOR_HR,SYS,0,0,295,57
2026-07-17T11:27:29,SENSOR_HR,SYS,1,0,23,341
2026-07-17T11:27:29,SENSOR_HR,SYS,2,0,10,0
2026-07-17T11:27:59,SENSOR_HR,SYS,0,0,295,56
2026-07-17T11:27:59,SENSOR_HR,SYS,1,0,38,327
2026-07-17T11:27:59,SENSOR_HR,SYS,2,0,10,0
2026-07-17T11:28:16,SYSTEM,SYS,0,0,7,97
2026-07-17T11:28:16,SYSTEM,SYS,0,0,8,8153
2026-07-17T11:28:16,SYSTEM,SYS,0,0,12,31
2026-07-17T11:28:29,SENSOR_HR,SYS,0,0,293,56
2026-07-17T11:28:29,SENSOR_HR,SYS,1,0,20,335
2026-07-17T11:28:29,SENSOR_HR,SYS,2,0,10,0
2026-07-17T11:28:59,SENSOR_HR,SYS,0,0,293,56
2026-07-17T11:28:59,SENSOR_HR,SYS,1,0,24,326
2026-07-17T11:28:59,SENSOR_HR,SYS,2,0,10,0
2026-07-17T11:29:10,SYSTEM,WEB,0,0,1,0
2026-07-17T11:29:16,SYSTEM,SYS,0,0,7,97
2026-07-17T11:29:16,SYSTEM,SYS,0,0,8,8153
2026-07-17T11:29:16,SYSTEM,SYS,0,0,12,31
2026-07-17T11:29:30,SENSOR_HR,SYS,0,0,293,57
2026-07-17T11:29:30,SENSOR_HR,SYS,1,0,13,322
2026-07-17T11:29:30,SENSOR_HR,SYS,2,0,10,0
2026-07-17T11:30:00,SENSOR_HR,SYS,0,0,292,58
2026-07-17T11:30:00,SENSOR_HR,SYS,1,0,16,319
2026-07-17T11:30:00,SENSOR_HR,SYS,2,0,10,0
2026-07-17T11:29:51,MODE,SYS,0,0,1,256
2026-07-17T11:30:00,RELAY,SYS,2,0,4,0
2026-07-17T11:30:16,SYSTEM,SYS,0,0,7,97
2026-07-17T11:30:16,SYSTEM,SYS,0,0,8,8153
2026-07-17T11:30:16,SYSTEM,SYS,0,0,12,31
2026-07-17T11:30:26,RELAY,SYS,2,0,1,0
2026-07-17T11:30:30,SENSOR_HR,SYS,0,0,291,56
2026-07-17T11:30:30,SENSOR_HR,SYS,1,0,7,265
2026-07-17T11:30:30,SENSOR_HR,SYS,2,0,2,0
2026-07-17T11:31:00,SENSOR_HR,SYS,0,0,290,58
2026-07-17T11:31:00,SENSOR_HR,SYS,1,0,25,332
2026-07-17T11:31:00,SENSOR_HR,SYS,2,0,2,0
2026-07-17T11:31:10,SYSTEM,WEB,0,0,1,0
2026-07-17T11:31:16,SYSTEM,SYS,0,0,7,97
2026-07-17T11:31:16,SYSTEM,SYS,0,0,8,8153
2026-07-17T11:31:16,SYSTEM,SYS,0,0,12,31
2026-07-17T11:31:30,SENSOR_HR,SYS,0,0,290,58
2026-07-17T11:31:30,SENSOR_HR,SYS,1,0,14,336
2026-07-17T11:31:30,SENSOR_HR,SYS,2,0,2,0
2026-07-17T11:32:00,SENSOR_HR,SYS,0,0,290,59
2026-07-17T11:32:00,SENSOR_HR,SYS,1,0,23,323
2026-07-17T11:32:00,SENSOR_HR,SYS,2,0,2,0
2026-07-17T11:32:16,SYSTEM,SYS,0,0,7,97
2026-07-17T11:32:16,SYSTEM,SYS,0,0,8,8153
2026-07-17T11:32:16,SYSTEM,SYS,0,0,12,31
2026-07-17T11:32:31,SENSOR_HR,SYS,0,0,290,60
2026-07-17T11:32:31,SENSOR_HR,SYS,1,0,20,329
2026-07-17T11:32:31,SENSOR_HR,SYS,2,0,2,0
2026-07-17T11:33:01,SENSOR_HR,SYS,0,0,291,61
2026-07-17T11:33:01,SENSOR_HR,SYS,1,0,20,3
2026-07-17T11:33:01,SENSOR_HR,SYS,2,0,2,0
2026-07-17T11:33:10,SYSTEM,WEB,0,0,1,0
2026-07-17T11:33:16,SYSTEM,SYS,0,0,7,97
2026-07-17T11:33:16,SYSTEM,SYS,0,0,8,8153
2026-07-17T11:33:16,SYSTEM,SYS,0,0,12,31
2026-07-17T11:33:31,SENSOR_HR,SYS,0,0,292,60
2026-07-17T11:33:31,SENSOR_HR,SYS,1,0,22,334
2026-07-17T11:33:31,SENSOR_HR,SYS,2,0,2,0
2026-07-17T11:34:01,SENSOR_HR,SYS,0,0,292,60
2026-07-17T11:34:01,SENSOR_HR,SYS,1,0,27,328
2026-07-17T11:34:01,SENSOR_HR,SYS,2,0,2,0
2026-07-17T11:34:16,SYSTEM,SYS,0,0,7,97
2026-07-17T11:34:16,SYSTEM,SYS,0,0,8,8153
2026-07-17T11:34:16,SYSTEM,SYS,0,0,12,31
2026-07-17T11:34:31,SENSOR_HR,SYS,0,0,294,62
2026-07-17T11:34:31,SENSOR_HR,SYS,1,0,22,330
2026-07-17T11:34:31,SENSOR_HR,SYS,2,0,2,0
2026-07-17T11:35:01,SENSOR_HR,SYS,0,0,295,62
2026-07-17T11:35:01,SENSOR_HR,SYS,1,0,23,328
2026-07-17T11:35:01,SENSOR_HR,SYS,2,0,2,0
2026-07-17T11:35:11,SYSTEM,WEB,0,0,1,0
2026-07-17T11:35:16,SYSTEM,SYS,0,0,7,96
2026-07-17T11:35:16,SYSTEM,SYS,0,0,8,8153
2026-07-17T11:35:16,SYSTEM,SYS,0,0,12,31
2026-07-17T11:35:32,SENSOR_HR,SYS,0,0,296,62
2026-07-17T11:35:32,SENSOR_HR,SYS,1,0,25,335
2026-07-17T11:35:32,SENSOR_HR,SYS,2,0,2,0
2026-07-17T11:36:02,SENSOR_HR,SYS,0,0,299,61
2026-07-17T11:36:02,SENSOR_HR,SYS,1,0,25,347
2026-07-17T11:36:02,SENSOR_HR,SYS,2,0,2,0
2026-07-17T11:36:16,SYSTEM,SYS,0,0,7,96
2026-07-17T11:36:16,SYSTEM,SYS,0,0,8,8153
2026-07-17T11:36:16,SYSTEM,SYS,0,0,12,31
2026-07-17T11:36:32,SENSOR_HR,SYS,0,0,301,61
2026-07-17T11:36:32,SENSOR_HR,SYS,1,0,25,328
2026-07-17T11:36:32,SENSOR_HR,SYS,2,0,2,0
2026-07-17T11:37:02,SENSOR_HR,SYS,0,0,302,61
2026-07-17T11:37:02,SENSOR_HR,SYS,1,0,20,328
2026-07-17T11:37:02,SENSOR_HR,SYS,2,0,2,0
2026-07-17T11:37:12,SYSTEM,WEB,0,0,1,0
2026-07-17T11:37:16,SYSTEM,SYS,0,0,7,97
2026-07-17T11:37:16,SYSTEM,SYS,0,0,8,8153
2026-07-17T11:37:16,SYSTEM,SYS,0,0,12,31
2026-07-17T11:37:32,SENSOR_HR,SYS,0,0,303,61
2026-07-17T11:37:32,SENSOR_HR,SYS,1,0,29,325
2026-07-17T11:37:32,SENSOR_HR,SYS,2,0,2,0
2026-07-17T11:36:39,MODE,SYS,0,0,2,512
2026-07-17T11:37:32,RELAY,SYS,2,0,2,0
2026-07-17T11:37:58,RELAY,SYS,2,0,3,0
2026-07-17T11:38:02,SENSOR_HR,SYS,0,0,306,61
2026-07-17T11:38:02,SENSOR_HR,SYS,1,0,26,329
2026-07-17T11:38:02,SENSOR_HR,SYS,2,0,10,0
2026-07-17T11:38:16,SYSTEM,SYS,0,0,7,97
2026-07-17T11:38:16,SYSTEM,SYS,0,0,8,8153
2026-07-17T11:38:16,SYSTEM,SYS,0,0,12,31
2026-07-17T11:38:33,SENSOR_HR,SYS,0,0,307,60
2026-07-17T11:38:33,SENSOR_HR,SYS,1,0,22,331
2026-07-17T11:38:33,SENSOR_HR,SYS,2,0,10,0
2026-07-17T11:39:03,SENSOR_HR,SYS,0,0,309,60
2026-07-17T11:39:03,SENSOR_HR,SYS,1,0,28,323
2026-07-17T11:39:03,SENSOR_HR,SYS,2,0,10,0
2026-07-17T11:39:13,SYSTEM,WEB,0,0,1,0
2026-07-17T11:39:16,SYSTEM,SYS,0,0,7,97
2026-07-17T11:39:16,SYSTEM,SYS,0,0,8,8153
2026-07-17T11:39:16,SYSTEM,SYS,0,0,12,31
2026-07-17T11:39:33,SENSOR_HR,SYS,0,0,312,60
2026-07-17T11:39:33,SENSOR_HR,SYS,1,0,35,328
2026-07-17T11:39:33,SENSOR_HR,SYS,2,0,10,0
2026-07-17T11:40:03,SENSOR_HR,SYS,0,0,313,59
2026-07-17T11:40:03,SENSOR_HR,SYS,1,0,26,316
2026-07-17T11:40:03,SENSOR_HR,SYS,2,0,10,0
2026-07-17T11:40:16,SYSTEM,SYS,0,0,7,97
2026-07-17T11:40:16,SYSTEM,SYS,0,0,8,8153
2026-07-17T11:40:16,SYSTEM,SYS,0,0,12,31
2026-07-17T11:40:33,SENSOR_HR,SYS,0,0,314,57
2026-07-17T11:40:33,SENSOR_HR,SYS,1,0,8,316
2026-07-17T11:40:33,SENSOR_HR,SYS,2,0,10,0
2026-07-17T11:41:03,SENSOR_HR,SYS,0,0,318,56
2026-07-17T11:41:03,SENSOR_HR,SYS,1,0,17,352
2026-07-17T11:41:03,SENSOR_HR,SYS,2,0,10,0
2026-07-17T11:40:33,MODE,SYS,0,0,3,1023
2026-07-17T11:41:03,RELAY,SYS,3,0,2,0
2026-07-17T11:41:16,SYSTEM,SYS,0,0,7,66
2026-07-17T11:41:16,SYSTEM,SYS,0,0,8,8153
2026-07-17T11:41:16,SYSTEM,SYS,0,0,12,28
2026-07-17T11:41:20,SYSTEM,WEB,0,0,1,0
2026-07-17T11:41:34,SENSOR_HR,SYS,0,0,318,56
2026-07-17T11:41:34,SENSOR_HR,SYS,1,0,23,351
2026-07-17T11:41:34,SENSOR_HR,SYS,2,0,26,0
2026-07-17T11:42:04,SENSOR_HR,SYS,0,0,320,53
2026-07-17T11:42:04,SENSOR_HR,SYS,1,0,14,36
2026-07-17T11:42:04,SENSOR_HR,SYS,2,0,26,0
2026-07-17T11:42:16,SYSTEM,SYS,0,0,7,97
2026-07-17T11:42:16,SYSTEM,SYS,0,0,8,8153
2026-07-17T11:42:16,SYSTEM,SYS,0,0,12,31
2026-07-17T11:42:34,SENSOR_HR,SYS,0,0,320,49
2026-07-17T11:42:34,SENSOR_HR,SYS,1,0,13,337
2026-07-17T11:42:34,SENSOR_HR,SYS,2,0,26,0
2026-07-17T11:43:04,SENSOR_HR,SYS,0,0,322,48
2026-07-17T11:43:04,SENSOR_HR,SYS,1,0,7,332
2026-07-17T11:43:04,SENSOR_HR,SYS,2,0,26,0
2026-07-17T11:43:13,SYSTEM,WEB,0,0,1,0
2026-07-17T11:43:16,SYSTEM,SYS,0,0,7,96
2026-07-17T11:43:16,SYSTEM,SYS,0,0,8,8153
2026-07-17T11:43:16,SYSTEM,SYS,0,0,12,31
2026-07-17T11:43:34,SENSOR_HR,SYS,0,0,322,47
2026-07-17T11:43:34,SENSOR_HR,SYS,1,0,16,326
2026-07-17T11:43:34,SENSOR_HR,SYS,2,0,26,0
2026-07-17T11:43:59,RELAY,SYS,3,0,3,0
2026-07-17T11:44:04,SENSOR_HR,SYS,0,0,321,45
2026-07-17T11:44:04,SENSOR_HR,SYS,1,0,29,330
2026-07-17T11:44:04,SENSOR_HR,SYS,2,0,42,0
2026-07-17T11:44:16,SYSTEM,SYS,0,0,7,97
2026-07-17T11:44:16,SYSTEM,SYS,0,0,8,8153
2026-07-17T11:44:16,SYSTEM,SYS,0,0,12,31
2026-07-17T11:44:35,SENSOR_HR,SYS,0,0,321,42
2026-07-17T11:44:35,SENSOR_HR,SYS,1,0,12,324
2026-07-17T11:44:35,SENSOR_HR,SYS,2,0,42,0
2026-07-17T11:45:05,SENSOR_HR,SYS,0,0,320,43
2026-07-17T11:45:05,SENSOR_HR,SYS,1,0,27,321
2026-07-17T11:45:05,SENSOR_HR,SYS,2,0,42,0
2026-07-17T11:45:13,SYSTEM,WEB,0,0,1,0
2026-07-17T11:45:16,SYSTEM,SYS,0,0,7,97
2026-07-17T11:45:16,SYSTEM,SYS,0,0,8,8153
2026-07-17T11:45:16,SYSTEM,SYS,0,0,12,31
2026-07-17T11:45:35,SENSOR_HR,SYS,0,0,318,43
2026-07-17T11:45:35,SENSOR_HR,SYS,1,0,31,335
2026-07-17T11:45:35,SENSOR_HR,SYS,2,0,42,0
2026-07-17T11:46:05,SENSOR_HR,SYS,0,0,316,42
2026-07-17T11:46:05,SENSOR_HR,SYS,1,0,27,324
2026-07-17T11:46:05,SENSOR_HR,SYS,2,0,42,0
2026-07-17T11:46:16,SYSTEM,SYS,0,0,7,97
2026-07-17T11:46:16,SYSTEM,SYS,0,0,8,8153
2026-07-17T11:46:16,SYSTEM,SYS,0,0,12,31
2026-07-17T11:46:35,SENSOR_HR,SYS,0,0,315,43
2026-07-17T11:46:35,SENSOR_HR,SYS,1,0,20,318
2026-07-17T11:46:35,SENSOR_HR,SYS,2,0,42,0
2026-07-17T11:47:05,SENSOR_HR,SYS,0,0,314,43
2026-07-17T11:47:05,SENSOR_HR,SYS,1,0,10,331
2026-07-17T11:47:05,SENSOR_HR,SYS,2,0,42,0
2026-07-17T11:47:13,SYSTEM,WEB,0,0,1,0
2026-07-17T11:47:16,SYSTEM,SYS,0,0,7,97
2026-07-17T11:47:16,SYSTEM,SYS,0,0,8,8153
2026-07-17T11:47:16,SYSTEM,SYS,0,0,12,31
2026-07-17T11:47:36,SENSOR_HR,SYS,0,0,311,44
2026-07-17T11:47:36,SENSOR_HR,SYS,1,0,20,258
2026-07-17T11:47:36,SENSOR_HR,SYS,2,0,42,0
2026-07-17T11:48:06,SENSOR_HR,SYS,0,0,309,44
2026-07-17T11:48:06,SENSOR_HR,SYS,1,0,5,228
2026-07-17T11:48:06,SENSOR_HR,SYS,2,0,42,0
2026-07-17T11:48:16,SYSTEM,SYS,0,0,7,97
2026-07-17T11:48:16,SYSTEM,SYS,0,0,8,8153
2026-07-17T11:48:16,SYSTEM,SYS,0,0,12,31
2026-07-17T11:48:36,SENSOR_HR,SYS,0,0,308,44
2026-07-17T11:48:36,SENSOR_HR,SYS,1,0,6,290
2026-07-17T11:48:36,SENSOR_HR,SYS,2,0,42,0
2026-07-17T11:49:06,SENSOR_HR,SYS,0,0,306,45
2026-07-17T11:49:06,SENSOR_HR,SYS,1,0,17,260
2026-07-17T11:49:06,SENSOR_HR,SYS,2,0,42,0
2026-07-17T11:49:13,SYSTEM,WEB,0,0,1,0
2026-07-17T11:49:16,SYSTEM,SYS,0,0,7,97
2026-07-17T11:49:16,SYSTEM,SYS,0,0,8,8153
2026-07-17T11:49:16,SYSTEM,SYS,0,0,12,31
2026-07-17T11:49:36,SENSOR_HR,SYS,0,0,305,48
2026-07-17T11:49:36,SENSOR_HR,SYS,1,0,12,265
2026-07-17T11:49:36,SENSOR_HR,SYS,2,0,42,0
2026-07-17T11:50:06,SENSOR_HR,SYS,0,0,304,47
2026-07-17T11:50:06,SENSOR_HR,SYS,1,0,5,337
2026-07-17T11:50:06,SENSOR_HR,SYS,2,0,42,0
2026-07-17T11:50:16,SYSTEM,SYS,0,0,7,97
2026-07-17T11:50:16,SYSTEM,SYS,0,0,8,8153
2026-07-17T11:50:16,SYSTEM,SYS,0,0,12,31
2026-07-17T11:50:37,SENSOR_HR,SYS,0,0,303,47
2026-07-17T11:50:37,SENSOR_HR,SYS,1,0,6,324
2026-07-17T11:50:37,SENSOR_HR,SYS,2,0,42,0
2026-07-17T11:51:07,SENSOR_HR,SYS,0,0,301,48
2026-07-17T11:51:07,SENSOR_HR,SYS,1,0,4,335
2026-07-17T11:51:07,SENSOR_HR,SYS,2,0,42,0
2026-07-17T11:51:14,SYSTEM,WEB,0,0,1,0
2026-07-17T11:51:16,SYSTEM,SYS,0,0,7,97
2026-07-17T11:51:16,SYSTEM,SYS,0,0,8,8153
2026-07-17T11:51:16,SYSTEM,SYS,0,0,12,31
2026-07-17T11:51:37,SENSOR_HR,SYS,0,0,300,50
2026-07-17T11:51:37,SENSOR_HR,SYS,1,0,11,293
2026-07-17T11:51:37,SENSOR_HR,SYS,2,0,42,0
2026-07-17T11:52:07,SENSOR_HR,SYS,0,0,298,49
2026-07-17T11:52:07,SENSOR_HR,SYS,1,0,8,252
2026-07-17T11:52:07,SENSOR_HR,SYS,2,0,42,0
2026-07-17T11:52:16,SYSTEM,SYS,0,0,7,97
2026-07-17T11:52:16,SYSTEM,SYS,0,0,8,8153
2026-07-17T11:52:16,SYSTEM,SYS,0,0,12,31
2026-07-17T11:52:37,SENSOR_HR,SYS,0,0,297,49
2026-07-17T11:52:37,SENSOR_HR,SYS,1,0,2,261
2026-07-17T11:52:37,SENSOR_HR,SYS,2,0,42,0
2026-07-17T11:52:13,MODE,SYS,0,0,2,512
2026-07-17T11:53:07,SENSOR_HR,SYS,0,0,296,51
2026-07-17T11:53:07,SENSOR_HR,SYS,1,0,11,252
2026-07-17T11:53:07,SENSOR_HR,SYS,2,0,42,0
2026-07-17T11:53:14,SYSTEM,WEB,0,0,1,0
2026-07-17T11:53:16,SYSTEM,SYS,0,0,7,97
2026-07-17T11:53:16,SYSTEM,SYS,0,0,8,8153
2026-07-17T11:53:16,SYSTEM,SYS,0,0,12,31
2026-07-17T11:53:38,SENSOR_HR,SYS,0,0,297,47
2026-07-17T11:53:38,SENSOR_HR,SYS,1,0,22,244
2026-07-17T11:53:38,SENSOR_HR,SYS,2,0,42,0
2026-07-17T11:54:08,SENSOR_HR,SYS,0,0,296,47
2026-07-17T11:54:08,SENSOR_HR,SYS,1,0,15,265
2026-07-17T11:54:08,SENSOR_HR,SYS,2,0,42,0
2026-07-17T11:54:16,SYSTEM,SYS,0,0,7,97
2026-07-17T11:54:16,SYSTEM,SYS,0,0,8,8153
2026-07-17T11:54:16,SYSTEM,SYS,0,0,12,31
2026-07-17T11:54:38,SENSOR_HR,SYS,0,0,296,48
2026-07-17T11:54:38,SENSOR_HR,SYS,1,0,19,252
2026-07-17T11:54:38,SENSOR_HR,SYS,2,0,42,0
2026-07-17T11:55:08,SENSOR_HR,SYS,0,0,297,48
2026-07-17T11:55:08,SENSOR_HR,SYS,1,0,17,263
2026-07-17T11:55:08,SENSOR_HR,SYS,2,0,42,0
2026-07-17T11:55:15,SYSTEM,WEB,0,0,1,0
2026-07-17T11:55:16,SYSTEM,SYS,0,0,7,97
2026-07-17T11:55:16,SYSTEM,SYS,0,0,8,8153
2026-07-17T11:55:16,SYSTEM,SYS,0,0,12,31
2026-07-17T11:55:38,SENSOR_HR,SYS,0,0,297,49
2026-07-17T11:55:38,SENSOR_HR,SYS,1,0,20,272
2026-07-17T11:55:38,SENSOR_HR,SYS,2,0,42,0
2026-07-17T11:56:08,SENSOR_HR,SYS,0,0,298,49
2026-07-17T11:56:08,SENSOR_HR,SYS,1,0,20,249
2026-07-17T11:56:08,SENSOR_HR,SYS,2,0,42,0
2026-07-17T11:56:16,SYSTEM,SYS,0,0,7,97
2026-07-17T11:56:16,SYSTEM,SYS,0,0,8,8153
2026-07-17T11:56:16,SYSTEM,SYS,0,0,12,31
2026-07-17T11:56:39,SENSOR_HR,SYS,0,0,299,50
2026-07-17T11:56:39,SENSOR_HR,SYS,1,0,17,271
2026-07-17T11:56:39,SENSOR_HR,SYS,2,0,42,0
2026-07-17T11:57:09,SENSOR_HR,SYS,0,0,300,50
2026-07-17T11:57:09,SENSOR_HR,SYS,1,0,25,270
2026-07-17T11:57:09,SENSOR_HR,SYS,2,0,42,0
2026-07-17T11:57:16,SYSTEM,WEB,0,0,1,0
2026-07-17T11:57:16,SYSTEM,SYS,0,0,7,97
2026-07-17T11:57:16,SYSTEM,SYS,0,0,8,8153
2026-07-17T11:57:16,SYSTEM,SYS,0,0,12,31
2026-07-17T11:57:39,SENSOR_HR,SYS,0,0,299,49
2026-07-17T11:57:39,SENSOR_HR,SYS,1,0,23,277
2026-07-17T11:57:39,SENSOR_HR,SYS,2,0,42,0
2026-07-17T11:58:09,SENSOR_HR,SYS,0,0,301,51
2026-07-17T11:58:09,SENSOR_HR,SYS,1,0,8,315
2026-07-17T11:58:09,SENSOR_HR,SYS,2,0,42,0
2026-07-17T11:58:16,SYSTEM,SYS,0,0,7,97
2026-07-17T11:58:16,SYSTEM,SYS,0,0,8,8153
2026-07-17T11:58:16,SYSTEM,SYS,0,0,12,31
2026-07-17T11:58:39,SENSOR_HR,SYS,0,0,301,47
2026-07-17T11:58:39,SENSOR_HR,SYS,1,0,21,331
2026-07-17T11:58:39,SENSOR_HR,SYS,2,0,42,0
2026-07-17T11:59:09,SENSOR_HR,SYS,0,0,302,48
2026-07-17T11:59:09,SENSOR_HR,SYS,1,0,10,235
2026-07-17T11:59:09,SENSOR_HR,SYS,2,0,42,0
2026-07-17T11:59:16,SYSTEM,WEB,0,0,1,0
2026-07-17T11:59:16,SYSTEM,SYS,0,0,7,97
2026-07-17T11:59:16,SYSTEM,SYS,0,0,8,8153
2026-07-17T11:59:16,SYSTEM,SYS,0,0,12,31
2026-07-17T11:59:39,SENSOR_HR,SYS,0,0,303,47
2026-07-17T11:59:39,SENSOR_HR,SYS,1,0,4,237
2026-07-17T11:59:39,SENSOR_HR,SYS,2,0,42,0
2026-07-17T12:00:10,SENSOR_HR,SYS,0,0,303,48
2026-07-17T12:00:10,SENSOR_HR,SYS,1,0,14,305
2026-07-17T12:00:10,SENSOR_HR,SYS,2,0,42,0
2026-07-17T12:00:16,SYSTEM,SYS,0,0,7,97
2026-07-17T12:00:16,SYSTEM,SYS,0,0,8,8153
2026-07-17T12:00:16,SYSTEM,SYS,0,0,12,31
2026-07-17T12:00:40,SENSOR_HR,SYS,0,0,304,49
2026-07-17T12:00:40,SENSOR_HR,SYS,1,0,16,246
2026-07-17T12:00:40,SENSOR_HR,SYS,2,0,42,0
2026-07-17T12:01:10,SENSOR_HR,SYS,0,0,304,48
2026-07-17T12:01:10,SENSOR_HR,SYS,1,0,6,323
2026-07-17T12:01:10,SENSOR_HR,SYS,2,0,42,0
2026-07-17T12:01:16,SYSTEM,SYS,0,0,7,54
2026-07-17T12:01:16,SYSTEM,SYS,0,0,8,8153
2026-07-17T12:01:16,SYSTEM,SYS,0,0,12,25
2026-07-17T12:01:17,SYSTEM,WEB,0,0,1,0
2026-07-17T12:01:40,SENSOR_HR,SYS,0,0,305,49
2026-07-17T12:01:40,SENSOR_HR,SYS,1,0,7,317
2026-07-17T12:01:40,SENSOR_HR,SYS,2,0,42,0
2026-07-17T12:02:10,SENSOR_HR,SYS,0,0,305,49
2026-07-17T12:02:10,SENSOR_HR,SYS,1,0,23,274
2026-07-17T12:02:10,SENSOR_HR,SYS,2,0,42,0
2026-07-17T12:02:16,SYSTEM,SYS,0,0,7,97
2026-07-17T12:02:16,SYSTEM,SYS,0,0,8,8153
2026-07-17T12:02:16,SYSTEM,SYS,0,0,12,31
2026-07-17T12:02:40,SENSOR_HR,SYS,0,0,306,47
2026-07-17T12:02:40,SENSOR_HR,SYS,1,0,20,289
2026-07-17T12:02:40,SENSOR_HR,SYS,2,0,42,0
2026-07-17T12:03:11,SENSOR_HR,SYS,0,0,308,48
2026-07-17T12:03:11,SENSOR_HR,SYS,1,0,11,319
2026-07-17T12:03:11,SENSOR_HR,SYS,2,0,42,0
2026-07-17T12:03:16,SYSTEM,SYS,0,0,7,55
2026-07-17T12:03:16,SYSTEM,SYS,0,0,8,8153
2026-07-17T12:03:16,SYSTEM,SYS,0,0,12,26
2026-07-17T12:03:16,SYSTEM,WEB,0,0,1,0
2026-07-17T12:03:41,SENSOR_HR,SYS,0,0,308,48
2026-07-17T12:03:41,SENSOR_HR,SYS,1,0,16,251
2026-07-17T12:03:41,SENSOR_HR,SYS,2,0,42,0
2026-07-17T12:04:11,SENSOR_HR,SYS,0,0,308,43
2026-07-17T12:04:11,SENSOR_HR,SYS,1,0,20,254
2026-07-17T12:04:11,SENSOR_HR,SYS,2,0,42,0
2026-07-17T12:04:16,SYSTEM,SYS,0,0,7,97
2026-07-17T12:04:16,SYSTEM,SYS,0,0,8,8153
2026-07-17T12:04:16,SYSTEM,SYS,0,0,12,31
2026-07-17T12:04:41,SENSOR_HR,SYS,0,0,310,45
2026-07-17T12:04:41,SENSOR_HR,SYS,1,0,19,250
2026-07-17T12:04:41,SENSOR_HR,SYS,2,0,42,0
2026-07-17T12:03:54,MODE,SYS,0,0,3,768
2026-07-17T12:05:11,SENSOR_HR,SYS,0,0,310,44
2026-07-17T12:05:11,SENSOR_HR,SYS,1,0,17,254
2026-07-17T12:05:11,SENSOR_HR,SYS,2,0,42,0
2026-07-17T12:05:16,SYSTEM,SYS,0,0,7,97
2026-07-17T12:05:16,SYSTEM,SYS,0,0,8,8153
2026-07-17T12:05:16,SYSTEM,SYS,0,0,12,31
2026-07-17T12:05:18,SYSTEM,WEB,0,0,1,0
2026-07-17T12:05:41,SENSOR_HR,SYS,0,0,310,45
2026-07-17T12:05:41,SENSOR_HR,SYS,1,0,31,242
2026-07-17T12:05:41,SENSOR_HR,SYS,2,0,42,0
2026-07-17T12:06:12,SENSOR_HR,SYS,0,0,310,45
2026-07-17T12:06:12,SENSOR_HR,SYS,1,0,31,273
2026-07-17T12:06:12,SENSOR_HR,SYS,2,0,42,0
2026-07-17T12:06:16,SYSTEM,SYS,0,0,7,97
2026-07-17T12:06:16,SYSTEM,SYS,0,0,8,8153
2026-07-17T12:06:16,SYSTEM,SYS,0,0,12,31
2026-07-17T12:06:42,SENSOR_HR,SYS,0,0,310,45
2026-07-17T12:06:42,SENSOR_HR,SYS,1,0,15,309
2026-07-17T12:06:42,SENSOR_HR,SYS,2,0,42,0
2026-07-17T12:07:12,SENSOR_HR,SYS,0,0,312,47
2026-07-17T12:07:12,SENSOR_HR,SYS,1,0,8,323
2026-07-17T12:07:12,SENSOR_HR,SYS,2,0,42,0
2026-07-17T12:07:16,SYSTEM,SYS,0,0,7,97
2026-07-17T12:07:16,SYSTEM,SYS,0,0,8,8153
2026-07-17T12:07:16,SYSTEM,SYS,0,0,12,31
2026-07-17T12:07:18,SYSTEM,WEB,0,0,1,0
2026-07-17T12:07:42,SENSOR_HR,SYS,0,0,311,46
2026-07-17T12:07:42,SENSOR_HR,SYS,1,0,33,324
2026-07-17T12:07:42,SENSOR_HR,SYS,2,0,42,0
2026-07-17T12:08:12,SENSOR_HR,SYS,0,0,313,48
2026-07-17T12:08:12,SENSOR_HR,SYS,1,0,20,318
2026-07-17T12:08:12,SENSOR_HR,SYS,2,0,42,0
2026-07-17T12:08:16,SYSTEM,SYS,0,0,7,97
2026-07-17T12:08:16,SYSTEM,SYS,0,0,8,8153
2026-07-17T12:08:16,SYSTEM,SYS,0,0,12,31
2026-07-17T12:08:42,SENSOR_HR,SYS,0,0,314,47
2026-07-17T12:08:42,SENSOR_HR,SYS,1,0,30,324
2026-07-17T12:08:42,SENSOR_HR,SYS,2,0,42,0
2026-07-17T12:09:13,SENSOR_HR,SYS,0,0,314,47
2026-07-17T12:09:13,SENSOR_HR,SYS,1,0,26,335
2026-07-17T12:09:13,SENSOR_HR,SYS,2,0,42,0
2026-07-17T12:09:16,SYSTEM,SYS,0,0,7,94
2026-07-17T12:09:16,SYSTEM,SYS,0,0,8,8153
2026-07-17T12:09:16,SYSTEM,SYS,0,0,12,31
2026-07-17T12:09:17,SYSTEM,WEB,0,0,0,0
2026-07-17T12:09:43,SENSOR_HR,SYS,0,0,313,49
2026-07-17T12:09:43,SENSOR_HR,SYS,1,0,24,276
2026-07-17T12:09:43,SENSOR_HR,SYS,2,0,42,0
2026-07-17T12:10:13,SENSOR_HR,SYS,0,0,314,49
2026-07-17T12:10:13,SENSOR_HR,SYS,1,0,13,315
2026-07-17T12:10:13,SENSOR_HR,SYS,2,0,42,0
2026-07-17T12:10:16,SYSTEM,SYS,0,0,7,96
2026-07-17T12:10:16,SYSTEM,SYS,0,0,8,8153
2026-07-17T12:10:16,SYSTEM,SYS,0,0,12,31
2026-07-17T12:10:43,SENSOR_HR,SYS,0,0,315,50
2026-07-17T12:10:43,SENSOR_HR,SYS,1,0,3,342
2026-07-17T12:10:43,SENSOR_HR,SYS,2,0,42,0
2026-07-17T12:11:13,SENSOR_HR,SYS,0,0,314,49
2026-07-17T12:11:13,SENSOR_HR,SYS,1,0,10,294
2026-07-17T12:11:13,SENSOR_HR,SYS,2,0,42,0
2026-07-17T12:11:16,SYSTEM,SYS,0,0,7,98
2026-07-17T12:11:16,SYSTEM,SYS,0,0,8,8153
2026-07-17T12:11:16,SYSTEM,SYS,0,0,12,31
2026-07-17T12:11:17,SYSTEM,WEB,0,0,0,0
2026-07-17T12:11:43,SENSOR_HR,SYS,0,0,314,47
2026-07-17T12:11:43,SENSOR_HR,SYS,1,0,20,333
2026-07-17T12:11:43,SENSOR_HR,SYS,2,0,42,0
2026-07-17T12:12:14,SENSOR_HR,SYS,0,0,315,49
2026-07-17T12:12:14,SENSOR_HR,SYS,1,0,24,334
2026-07-17T12:12:14,SENSOR_HR,SYS,2,0,42,0
2026-07-17T12:12:16,SYSTEM,SYS,0,0,7,98
2026-07-17T12:12:16,SYSTEM,SYS,0,0,8,8153
2026-07-17T12:12:16,SYSTEM,SYS,0,0,12,31
2026-07-17T12:12:44,SENSOR_HR,SYS,0,0,316,47
2026-07-17T12:12:44,SENSOR_HR,SYS,1,0,22,312
2026-07-17T12:12:44,SENSOR_HR,SYS,2,0,42,0
2026-07-17T12:13:14,SENSOR_HR,SYS,0,0,315,47
2026-07-17T12:13:14,SENSOR_HR,SYS,1,0,15,305
2026-07-17T12:13:14,SENSOR_HR,SYS,2,0,42,0
2026-07-17T12:13:16,SYSTEM,SYS,0,0,7,98
2026-07-17T12:13:16,SYSTEM,SYS,0,0,8,8153
2026-07-17T12:13:16,SYSTEM,SYS,0,0,12,31
2026-07-17T12:13:17,SYSTEM,WEB,0,0,0,0
2026-07-17T12:13:44,SENSOR_HR,SYS,0,0,315,47
2026-07-17T12:13:44,SENSOR_HR,SYS,1,0,6,303
2026-07-17T12:13:44,SENSOR_HR,SYS,2,0,42,0
2026-07-17T12:14:14,SENSOR_HR,SYS,0,0,315,46
2026-07-17T12:14:14,SENSOR_HR,SYS,1,0,12,285
2026-07-17T12:14:14,SENSOR_HR,SYS,2,0,42,0
2026-07-17T12:14:16,SYSTEM,SYS,0,0,7,98
2026-07-17T12:14:16,SYSTEM,SYS,0,0,8,8153
2026-07-17T12:14:16,SYSTEM,SYS,0,0,12,31
2026-07-17T12:14:44,SENSOR_HR,SYS,0,0,314,47
2026-07-17T12:14:44,SENSOR_HR,SYS,1,0,10,310
2026-07-17T12:14:44,SENSOR_HR,SYS,2,0,42,0
2026-07-17T12:15:15,SENSOR_HR,SYS,0,0,314,46
2026-07-17T12:15:15,SENSOR_HR,SYS,1,0,4,354
2026-07-17T12:15:15,SENSOR_HR,SYS,2,0,42,0
2026-07-17T12:15:16,SYSTEM,SYS,0,0,7,98
2026-07-17T12:15:16,SYSTEM,SYS,0,0,8,8153
2026-07-17T12:15:16,SYSTEM,SYS,0,0,12,31
2026-07-17T12:15:17,SYSTEM,WEB,0,0,0,0
2026-07-17T12:15:45,SENSOR_HR,SYS,0,0,314,47
2026-07-17T12:15:45,SENSOR_HR,SYS,1,0,9,285
2026-07-17T12:15:45,SENSOR_HR,SYS,2,0,42,0
2026-07-17T12:16:15,SENSOR_HR,SYS,0,0,313,50
2026-07-17T12:16:15,SENSOR_HR,SYS,1,0,9,333
2026-07-17T12:16:15,SENSOR_HR,SYS,2,0,42,0
2026-07-17T12:16:16,SYSTEM,SYS,0,0,7,98
2026-07-17T12:16:16,SYSTEM,SYS,0,0,8,8153
2026-07-17T12:16:16,SYSTEM,SYS,0,0,12,31
2026-07-17T12:16:45,SENSOR_HR,SYS,0,0,311,46
2026-07-17T12:16:45,SENSOR_HR,SYS,1,0,20,330
2026-07-17T12:16:45,SENSOR_HR,SYS,2,0,42,0
2026-07-17T12:17:15,SENSOR_HR,SYS,0,0,311,47
2026-07-17T12:17:15,SENSOR_HR,SYS,1,0,7,272
2026-07-17T12:17:15,SENSOR_HR,SYS,2,0,42,0
2026-07-17T12:17:16,SYSTEM,SYS,0,0,7,98
2026-07-17T12:17:16,SYSTEM,SYS,0,0,8,8153
2026-07-17T12:17:16,SYSTEM,SYS,0,0,12,31
2026-07-17T12:17:17,SYSTEM,WEB,0,0,0,0
2026-07-17T12:17:17,SYSTEM,SYS,0,0,19,0
2026-07-17T12:17:45,SENSOR_HR,SYS,0,0,308,46
2026-07-17T12:17:45,SENSOR_HR,SYS,1,0,15,286
2026-07-17T12:17:45,SENSOR_HR,SYS,2,0,42,0
2026-07-17T12:18:16,SENSOR_HR,SYS,0,0,308,47
2026-07-17T12:18:16,SENSOR_HR,SYS,1,0,26,281
2026-07-17T12:18:16,SENSOR_HR,SYS,2,0,42,0
2026-07-17T12:18:16,SYSTEM,SYS,0,0,7,98
2026-07-17T12:18:16,SYSTEM,SYS,0,0,8,8153
2026-07-17T12:18:16,SYSTEM,SYS,0,0,12,31
2026-07-17T12:18:46,SENSOR_HR,SYS,0,0,308,48
2026-07-17T12:18:46,SENSOR_HR,SYS,1,0,13,285
2026-07-17T12:18:46,SENSOR_HR,SYS,2,0,42,0
2026-07-17T12:19:16,SENSOR_HR,SYS,0,0,308,47
2026-07-17T12:19:16,SENSOR_HR,SYS,1,0,10,306
2026-07-17T12:19:16,SENSOR_HR,SYS,2,0,42,0
2026-07-17T12:19:16,SYSTEM,SYS,0,0,7,98
2026-07-17T12:19:16,SYSTEM,SYS,0,0,8,8153
2026-07-17T12:19:16,SYSTEM,SYS,0,0,12,31
2026-07-17T12:19:18,SYSTEM,WEB,0,0,1,0
2026-07-17T12:19:46,SENSOR_HR,SYS,0,0,308,47
2026-07-17T12:19:46,SENSOR_HR,SYS,1,0,20,285
2026-07-17T12:19:46,SENSOR_HR,SYS,2,0,42,0
2026-07-17T12:20:16,SENSOR_HR,SYS,0,0,307,47
2026-07-17T12:20:16,SENSOR_HR,SYS,1,0,16,302
2026-07-17T12:20:16,SENSOR_HR,SYS,2,0,42,0
2026-07-17T12:20:16,SYSTEM,SYS,0,0,7,98
2026-07-17T12:20:16,SYSTEM,SYS,0,0,8,8153
2026-07-17T12:20:16,SYSTEM,SYS,0,0,12,31
2026-07-17T12:20:46,SENSOR_HR,SYS,0,0,308,47
2026-07-17T12:20:46,SENSOR_HR,SYS,1,0,6,125
2026-07-17T12:20:46,SENSOR_HR,SYS,2,0,42,0
2026-07-17T12:21:16,SYSTEM,SYS,0,0,7,98
2026-07-17T12:21:16,SYSTEM,SYS,0,0,8,8153
2026-07-17T12:21:16,SYSTEM,SYS,0,0,12,31
2026-07-17T12:21:17,SENSOR_HR,SYS,0,0,308,46
2026-07-17T12:21:17,SENSOR_HR,SYS,1,0,5,285
2026-07-17T12:21:17,SENSOR_HR,SYS,2,0,42,0
2026-07-17T12:21:19,SYSTEM,WEB,0,0,1,0
2026-07-17T12:21:47,SENSOR_HR,SYS,0,0,306,46
2026-07-17T12:21:47,SENSOR_HR,SYS,1,0,19,286
2026-07-17T12:21:47,SENSOR_HR,SYS,2,0,42,0
2026-07-17T12:22:16,SYSTEM,SYS,0,0,7,98
2026-07-17T12:22:16,SYSTEM,SYS,0,0,8,8153
2026-07-17T12:22:16,SYSTEM,SYS,0,0,12,31
2026-07-17T12:22:17,SENSOR_HR,SYS,0,0,307,48
2026-07-17T12:22:17,SENSOR_HR,SYS,1,0,18,327
2026-07-17T12:22:17,SENSOR_HR,SYS,2,0,42,0
2026-07-17T12:22:47,SENSOR_HR,SYS,0,0,306,47
2026-07-17T12:22:47,SENSOR_HR,SYS,1,0,15,310
2026-07-17T12:22:47,SENSOR_HR,SYS,2,0,42,0
2026-07-17T12:23:16,SYSTEM,SYS,0,0,7,98
2026-07-17T12:23:16,SYSTEM,SYS,0,0,8,8153
2026-07-17T12:23:16,SYSTEM,SYS,0,0,12,31
2026-07-17T12:23:17,SENSOR_HR,SYS,0,0,304,47
2026-07-17T12:23:17,SENSOR_HR,SYS,1,0,23,345
2026-07-17T12:23:17,SENSOR_HR,SYS,2,0,42,0
2026-07-17T12:23:19,SYSTEM,WEB,0,0,1,0
2026-07-17T12:23:47,SENSOR_HR,SYS,0,0,305,49
2026-07-17T12:23:47,SENSOR_HR,SYS,1,0,22,325
2026-07-17T12:23:47,SENSOR_HR,SYS,2,0,42,0
2026-07-17T12:24:08,SYSTEM,SYS,0,0,14,0
2026-07-17T12:24:11,SYSTEM,SYS,0,0,15,0
2026-07-17T12:24:16,SYSTEM,SYS,0,0,7,98
2026-07-17T12:24:16,SYSTEM,SYS,0,0,8,8153
2026-07-17T12:24:16,SYSTEM,SYS,0,0,12,31
2026-07-17T12:24:18,SENSOR_HR,SYS,0,0,304,49
2026-07-17T12:24:18,SENSOR_HR,SYS,1,0,26,325
2026-07-17T12:24:18,SENSOR_HR,SYS,2,0,42,0
2026-07-17T12:24:22,SYSTEM,SYS,0,0,16,0
2026-07-17T12:24:24,SYSTEM,SYS,0,0,7,248
2026-07-17T12:24:24,SYSTEM,SYS,0,0,8,8189
2026-07-17T12:24:24,SYSTEM,SYS,0,0,12,168
2026-07-17T12:24:25,SUN,SYS,0,0,339,1314
2026-07-17T12:24:25,SYSTEM,SYS,0,0,5,3
2026-07-17T12:24:25,SYSTEM,SYS,0,0,11,23688
2026-07-17T12:24:25,RELAY,SYS,1,0,4,0
2026-07-17T12:24:25,RELAY,SYS,2,0,4,0
2026-07-17T12:24:25,RELAY,SYS,3,0,4,0
2026-07-17T12:24:33,SYSTEM,SYS,0,0,1,1
2026-07-17T12:24:33,SYSTEM,SYS,0,0,2,1
2026-07-17T12:24:34,SYSTEM,SYS,0,0,4,1
2026-07-17T12:24:34,SETPT,SYS,0,21,52,52
2026-07-17T12:24:34,SETPT,SYS,0,21,368,368
2026-07-17T12:24:34,SETPT,SYS,0,21,4,4
2026-07-17T12:24:34,SETPT,SYS,0,21,904,904
2026-07-17T12:24:36,SYSTEM,WEB,0,0,1,0
2026-07-17T12:24:51,RELAY,SYS,1,0,1,0
2026-07-17T12:24:51,RELAY,SYS,2,0,1,0
2026-07-17T12:25:03,SENSOR_HR,SYS,0,0,304,49
2026-07-17T12:25:03,SENSOR_HR,SYS,1,0,21,324
2026-07-17T12:25:03,SENSOR_HR,SYS,2,0,16432,0
2026-07-17T12:24:34,MODE,SYS,0,0,2,512
2026-07-17T12:25:24,SYSTEM,SYS,0,0,7,82
2026-07-17T12:25:24,SYSTEM,SYS,0,0,8,8153
2026-07-17T12:25:24,SYSTEM,SYS,0,0,12,31
2026-07-17T12:25:33,SENSOR_HR,SYS,0,0,303,50
2026-07-17T12:25:33,SENSOR_HR,SYS,1,0,29,324
2026-07-17T12:25:33,SENSOR_HR,SYS,2,0,16432,0
2026-07-17T12:26:04,SENSOR_HR,SYS,0,0,303,50
2026-07-17T12:26:04,SENSOR_HR,SYS,1,0,19,334
2026-07-17T12:26:04,SENSOR_HR,SYS,2,0,16432,0
2026-07-17T12:26:24,SYSTEM,SYS,0,0,7,81
2026-07-17T12:26:24,SYSTEM,SYS,0,0,8,8153
2026-07-17T12:26:24,SYSTEM,SYS,0,0,12,31
2026-07-17T12:26:34,SENSOR_HR,SYS,0,0,303,49
2026-07-17T12:26:34,SENSOR_HR,SYS,1,0,14,310
2026-07-17T12:26:34,SENSOR_HR,SYS,2,0,16432,0
2026-07-17T12:26:42,SYSTEM,WEB,0,0,1,0
2026-07-17T12:27:04,SENSOR_HR,SYS,0,0,304,52
2026-07-17T12:27:04,SENSOR_HR,SYS,1,0,12,266
2026-07-17T12:27:04,SENSOR_HR,SYS,2,0,16432,0
2026-07-17T12:27:21,RELAY,SYS,3,0,1,0
2026-07-17T12:27:21,RELAY,SYS,1,0,2,0
2026-07-17T12:27:21,RELAY,SYS,2,0,2,0
2026-07-17T12:27:24,SYSTEM,SYS,0,0,7,81
2026-07-17T12:27:24,SYSTEM,SYS,0,0,8,8153
2026-07-17T12:27:24,SYSTEM,SYS,0,0,12,31
2026-07-17T12:27:32,SETPT,WEB,0,41,1,0
2026-07-17T12:27:32,SETPT,WEB,0,42,1,0
2026-07-17T12:27:32,SETPT,WEB,0,39,0,1
2026-07-17T12:27:33,SYSTEM,SYS,0,0,22,4
2026-07-17T12:27:34,SENSOR_HR,SYS,0,0,305,53
2026-07-17T12:27:34,SENSOR_HR,SYS,1,0,12,257
2026-07-17T12:27:34,SENSOR_HR,SYS,2,0,5,0
2026-07-17T12:27:43,SYSTEM,SYS,0,0,22,4
2026-07-17T12:27:47,RELAY,SYS,1,0,3,0
2026-07-17T12:27:47,RELAY,SYS,2,0,3,0
2026-07-17T12:28:04,SENSOR_HR,SYS,0,0,306,53
2026-07-17T12:28:04,SENSOR_HR,SYS,1,0,13,273
2026-07-17T12:28:04,SENSOR_HR,SYS,2,0,10,0
2026-07-17T12:28:24,SYSTEM,SYS,0,0,7,80
2026-07-17T12:28:24,SYSTEM,SYS,0,0,8,8153
2026-07-17T12:28:24,SYSTEM,SYS,0,0,12,31
2026-07-17T12:28:34,SENSOR_HR,SYS,0,0,308,53
2026-07-17T12:28:34,SENSOR_HR,SYS,1,0,22,334
2026-07-17T12:28:34,SENSOR_HR,SYS,2,0,10,0
2026-07-17T12:28:42,SYSTEM,WEB,0,0,1,0
2026-07-17T12:29:05,SENSOR_HR,SYS,0,0,310,55
2026-07-17T12:29:05,SENSOR_HR,SYS,1,0,21,327
2026-07-17T12:29:05,SENSOR_HR,SYS,2,0,10,0
2026-07-17T12:28:28,MODE,SYS,0,0,3,768
2026-07-17T12:29:24,SYSTEM,SYS,0,0,7,80
2026-07-17T12:29:24,SYSTEM,SYS,0,0,8,8153
2026-07-17T12:29:24,SYSTEM,SYS,0,0,12,31
2026-07-17T12:29:35,SENSOR_HR,SYS,0,0,313,55
2026-07-17T12:29:35,SENSOR_HR,SYS,1,0,8,313
2026-07-17T12:29:35,SENSOR_HR,SYS,2,0,10,0
2026-07-17T12:30:05,SENSOR_HR,SYS,0,0,314,54
2026-07-17T12:30:05,SENSOR_HR,SYS,1,0,13,331
2026-07-17T12:30:05,SENSOR_HR,SYS,2,0,10,0
2026-07-17T12:30:24,SYSTEM,SYS,0,0,7,81
2026-07-17T12:30:24,SYSTEM,SYS,0,0,8,8153
2026-07-17T12:30:24,SYSTEM,SYS,0,0,12,31
2026-07-17T12:30:35,SENSOR_HR,SYS,0,0,316,55
2026-07-17T12:30:35,SENSOR_HR,SYS,1,0,7,350
2026-07-17T12:30:35,SENSOR_HR,SYS,2,0,10,0
2026-07-17T12:30:46,SYSTEM,WEB,0,0,0,0
2026-07-17T12:30:54,SETPT,WEB,0,43,2,1
2026-07-17T12:30:54,SETPT,WEB,0,44,4,23
2026-07-17T12:31:05,SENSOR_HR,SYS,0,0,319,53
2026-07-17T12:31:05,SENSOR_HR,SYS,1,0,5,55
2026-07-17T12:31:05,SENSOR_HR,SYS,2,0,10,0
2026-07-17T12:31:08,SETPT,WEB,0,40,24,6
2026-07-17T12:31:09,SYSTEM,SYS,0,0,22,2
2026-07-17T12:31:24,SYSTEM,SYS,0,0,22,2
2026-07-17T12:31:24,SYSTEM,SYS,0,0,7,81
2026-07-17T12:31:24,SYSTEM,SYS,0,0,8,8153
2026-07-17T12:31:24,SYSTEM,SYS,0,0,12,31
2026-07-17T12:31:35,SENSOR_HR,SYS,0,0,321,52
2026-07-17T12:31:35,SENSOR_HR,SYS,1,0,1,54
2026-07-17T12:31:35,SENSOR_HR,SYS,2,0,10,0
2026-07-17T12:32:05,SENSOR_HR,SYS,0,0,322,52
2026-07-17T12:32:05,SENSOR_HR,SYS,1,0,7,311
2026-07-17T12:32:05,SENSOR_HR,SYS,2,0,10,0
2026-07-17T12:32:24,SYSTEM,SYS,0,0,7,81
2026-07-17T12:32:24,SYSTEM,SYS,0,0,8,8153
2026-07-17T12:32:24,SYSTEM,SYS,0,0,12,31
2026-07-17T12:32:36,SENSOR_HR,SYS,0,0,323,51
2026-07-17T12:32:36,SENSOR_HR,SYS,1,0,9,206
2026-07-17T12:32:36,SENSOR_HR,SYS,2,0,10,0
2026-07-17T12:32:38,SYSTEM,WEB,0,0,1,0
2026-07-17T12:33:04,SYSTEM,SYS,0,0,22,1
2026-07-17T12:33:05,SYSTEM,SYS,0,0,23,1
2026-07-17T12:33:06,SENSOR_HR,SYS,0,0,324,52
2026-07-17T12:33:06,SENSOR_HR,SYS,1,0,7,25
2026-07-17T12:33:06,SENSOR_HR,SYS,2,0,10,0
2026-07-17T12:33:24,SYSTEM,SYS,0,0,7,78
2026-07-17T12:33:24,SYSTEM,SYS,0,0,8,8153
2026-07-17T12:33:24,SYSTEM,SYS,0,0,12,28
2026-07-17T12:33:26,SYSTEM,SYS,0,0,22,1
2026-07-17T12:33:36,SENSOR_HR,SYS,0,0,324,50
2026-07-17T12:33:36,SENSOR_HR,SYS,1,0,20,301
2026-07-17T12:33:36,SENSOR_HR,SYS,2,0,10,0
2026-07-17T12:33:48,SYSTEM,SYS,0,0,23,0
2026-07-17T12:33:50,SYSTEM,SYS,0,0,14,0
2026-07-17T12:33:56,SYSTEM,SYS,0,0,15,0
2026-07-17T12:33:56,SYSTEM,SYS,0,0,24,0
2026-07-17T12:33:57,SYSTEM,SYS,0,0,16,0
2026-07-17T12:33:59,SYSTEM,SYS,0,0,7,248
2026-07-17T12:33:59,SYSTEM,SYS,0,0,8,8189
2026-07-17T12:33:59,SYSTEM,SYS,0,0,12,168
2026-07-17T12:33:59,SUN,SYS,0,0,339,1314
2026-07-17T12:33:59,SYSTEM,SYS,0,0,5,3
2026-07-17T12:33:59,SYSTEM,SYS,0,0,11,23688
2026-07-17T12:33:59,RELAY,SYS,1,0,4,0
2026-07-17T12:33:59,RELAY,SYS,2,0,4,0
2026-07-17T12:33:59,RELAY,SYS,3,0,4,0
2026-07-17T12:34:08,SYSTEM,SYS,0,0,1,1
2026-07-17T12:34:08,SYSTEM,SYS,0,0,2,1
2026-07-17T12:34:08,SYSTEM,SYS,0,0,4,1
2026-07-17T12:34:09,SETPT,SYS,0,21,52,52
2026-07-17T12:34:09,SETPT,SYS,0,21,368,368
2026-07-17T12:34:09,SETPT,SYS,0,21,4,4
2026-07-17T12:34:09,SETPT,SYS,0,21,904,904
2026-07-17T12:34:10,SYSTEM,WEB,0,0,1,0
2026-07-17T12:34:26,RELAY,SYS,1,0,1,0
2026-07-17T12:34:26,RELAY,SYS,2,0,1,0
2026-07-17T12:34:38,SENSOR_HR,SYS,0,0,325,53
2026-07-17T12:34:38,SENSOR_HR,SYS,1,0,5,291
2026-07-17T12:34:38,SENSOR_HR,SYS,2,0,16432,0
2026-07-17T12:34:08,MODE,SYS,0,0,3,768
2026-07-17T12:34:43,SYSTEM,SYS,0,0,22,0
2026-07-17T12:34:48,SETPT,WEB,0,44,23,5
2026-07-17T12:34:50,SYSTEM,SYS,0,0,22,0
2026-07-17T12:34:59,SYSTEM,SYS,0,0,7,80
2026-07-17T12:34:59,SYSTEM,SYS,0,0,8,8153
2026-07-17T12:34:59,SYSTEM,SYS,0,0,12,31
2026-07-17T12:35:08,SENSOR_HR,SYS,0,0,327,53
2026-07-17T12:35:08,SENSOR_HR,SYS,1,0,5,285
2026-07-17T12:35:08,SENSOR_HR,SYS,2,0,16432,0
2026-07-17T12:35:39,SENSOR_HR,SYS,0,0,327,53
2026-07-17T12:35:39,SENSOR_HR,SYS,1,0,22,270
2026-07-17T12:35:39,SENSOR_HR,SYS,2,0,16432,0
2026-07-17T12:35:59,SYSTEM,SYS,0,0,7,80
2026-07-17T12:35:59,SYSTEM,SYS,0,0,8,8153
2026-07-17T12:35:59,SYSTEM,SYS,0,0,12,31
2026-07-17T12:36:09,SENSOR_HR,SYS,0,0,328,52
2026-07-17T12:36:09,SENSOR_HR,SYS,1,0,18,273
2026-07-17T12:36:09,SENSOR_HR,SYS,2,0,16432,0
2026-07-17T12:36:17,SYSTEM,WEB,0,0,1,0
